Dec 30 00:00:50 deckard systemd-resolved[774]: message repeated 3 times: [ Server returned error NXDOMAIN, mitigating potential DNS violation DVE-2018-0001, retrying transaction with reduced feature level UDP.]
Dec 30 00:00:51 deckard /usr/lib/gdm3/gdm-x-session[2198]: libkcups: "Scheduler started on demand."
Dec 30 00:00:51 deckard /usr/lib/gdm3/gdm-x-session[2198]: libkcups: CUPS-Get-Printers last error: 1030 No destinations added.
Dec 30 00:00:51 deckard /usr/lib/gdm3/gdm-x-session[2198]: libkcups: Get-Jobs last error: 0 successful-ok
Dec 30 00:00:51 deckard /usr/lib/gdm3/gdm-x-session[2198]: libkcups: Get-Jobs last error: 0 successful-ok
Dec 30 00:00:52 deckard /usr/lib/gdm3/gdm-x-session[2198]: libkcups: 0
Dec 30 00:00:52 deckard /usr/lib/gdm3/gdm-x-session[2198]: libkcups: 0
Dec 30 00:00:52 deckard systemd[1]: logrotate.service: Succeeded.
Dec 30 00:00:52 deckard systemd[1]: Finished Rotate log files.
Dec 30 00:00:56 deckard systemd[1]: man-db.service: Succeeded.
Dec 30 00:00:56 deckard systemd[1]: Finished Daily man-db regeneration.
Dec 30 00:01:24 deckard /usr/lib/gdm3/gdm-x-session[2190]: qt.qpa.xcb: QXcbConnection: XCB error: 3 (BadWindow), sequence: 9663, resource id: 31866788, major code: 20 (GetProperty), minor code: 0
Dec 30 00:01:25 deckard /usr/lib/gdm3/gdm-x-session[2093]: kdeinit5: Got EXEC_NEW '/usr/lib/x86_64-linux-gnu/qt5/plugins/kf5/kio/http.so' from launcher.
Dec 30 00:01:25 deckard /usr/lib/gdm3/gdm-x-session[2093]: kdeinit5: preparing to launch '/usr/lib/x86_64-linux-gnu/qt5/plugins/kf5/kio/http.so'
Dec 30 00:01:25 deckard /usr/lib/gdm3/gdm-x-session[2093]: kdeinit5: Got EXEC_NEW '/usr/lib/x86_64-linux-gnu/qt5/plugins/kf5/kio/http.so' from launcher.
Dec 30 00:01:25 deckard /usr/lib/gdm3/gdm-x-session[2093]: kdeinit5: preparing to launch '/usr/lib/x86_64-linux-gnu/qt5/plugins/kf5/kio/http.so'
Dec 30 00:02:01 deckard kernel: [48234.757945] [UFW BLOCK] IN=wlp6s0 OUT= MAC=01:00:5e:00:00:01:20:b0:01:91:0a:ac:08:00 SRC=192.168.1.1 DST=224.0.0.1 LEN=36 TOS=0x00 PREC=0xC0 TTL=1 ID=0 DF PROTO=2 
Dec 30 00:02:18 deckard /usr/lib/gdm3/gdm-x-session[2190]: qt.qpa.xcb: QXcbConnection: XCB error: 3 (BadWindow), sequence: 31259, resource id: 37749918, major code: 20 (GetProperty), minor code: 0
Dec 30 00:02:18 deckard /usr/lib/gdm3/gdm-x-session[2190]: qt.qpa.xcb: QXcbConnection: XCB error: 3 (BadWindow), sequence: 31260, resource id: 37749918, major code: 15 (QueryTree), minor code: 0
Dec 30 00:03:05 deckard systemd-resolved[774]: Server returned error NXDOMAIN, mitigating potential DNS violation DVE-2018-0001, retrying transaction with reduced feature level UDP.
Dec 30 00:03:26 deckard /usr/lib/gdm3/gdm-x-session[2190]: qt.qpa.xcb: QXcbConnection: XCB error: 3 (BadWindow), sequence: 43222, resource id: 31868100, major code: 20 (GetProperty), minor code: 0
Dec 30 00:04:05 deckard kernel: [48359.688111] [UFW BLOCK] IN=wlp6s0 OUT= MAC=01:00:5e:00:00:01:20:b0:01:91:0a:ac:08:00 SRC=192.168.1.1 DST=224.0.0.1 LEN=36 TOS=0x00 PREC=0xC0 TTL=1 ID=0 DF PROTO=2 
Dec 30 00:04:26 deckard /usr/lib/gdm3/gdm-x-session[2093]: kdeinit5: PID 42375 terminated.
Dec 30 00:04:42 deckard wpa_supplicant[887]: wlp6s0: WPA: Group rekeying completed with 20:b0:01:91:0a:ad [GTK=CCMP]
Dec 30 00:05:57 deckard /usr/lib/gdm3/gdm-x-session[2093]: kdeinit5: PID 42382 terminated.
Dec 30 00:06:11 deckard kernel: [48484.718123] [UFW BLOCK] IN=wlp6s0 OUT= MAC=01:00:5e:00:00:01:20:b0:01:91:0a:ac:08:00 SRC=192.168.1.1 DST=224.0.0.1 LEN=36 TOS=0x00 PREC=0xC0 TTL=1 ID=0 DF PROTO=2 
Dec 30 00:08:05 deckard systemd-resolved[774]: Server returned error NXDOMAIN, mitigating potential DNS violation DVE-2018-0001, retrying transaction with reduced feature level UDP.
Dec 30 00:08:16 deckard kernel: [48609.749450] [UFW BLOCK] IN=wlp6s0 OUT= MAC=01:00:5e:00:00:01:20:b0:01:91:0a:ac:08:00 SRC=192.168.1.1 DST=224.0.0.1 LEN=36 TOS=0x00 PREC=0xC0 TTL=1 ID=0 DF PROTO=2 
Dec 30 00:10:20 deckard kernel: [48734.678780] [UFW BLOCK] IN=wlp6s0 OUT= MAC=01:00:5e:00:00:01:20:b0:01:91:0a:ac:08:00 SRC=192.168.1.1 DST=224.0.0.1 LEN=36 TOS=0x00 PREC=0xC0 TTL=1 ID=0 DF PROTO=2 
Dec 30 00:11:04 deckard /usr/lib/gdm3/gdm-x-session[2093]: kdeinit5: Got EXEC_NEW '/usr/lib/x86_64-linux-gnu/qt5/plugins/kf5/kio/http.so' from launcher.
Dec 30 00:11:04 deckard /usr/lib/gdm3/gdm-x-session[2093]: kdeinit5: preparing to launch '/usr/lib/x86_64-linux-gnu/qt5/plugins/kf5/kio/http.so'
Dec 30 00:11:04 deckard /usr/lib/gdm3/gdm-x-session[2093]: kdeinit5: Got EXEC_NEW '/usr/lib/x86_64-linux-gnu/qt5/plugins/kf5/kio/http.so' from launcher.
Dec 30 00:11:04 deckard /usr/lib/gdm3/gdm-x-session[2093]: kdeinit5: preparing to launch '/usr/lib/x86_64-linux-gnu/qt5/plugins/kf5/kio/http.so'
Dec 30 00:11:04 deckard /usr/lib/gdm3/gdm-x-session[2093]: kdeinit5: Got EXEC_NEW '/usr/lib/x86_64-linux-gnu/qt5/plugins/kf5/kio/http.so' from launcher.
Dec 30 00:11:04 deckard /usr/lib/gdm3/gdm-x-session[2093]: kdeinit5: preparing to launch '/usr/lib/x86_64-linux-gnu/qt5/plugins/kf5/kio/http.so'
Dec 30 00:11:25 deckard /usr/lib/gdm3/gdm-x-session[2093]: kdeinit5: Got EXEC_NEW '/usr/lib/x86_64-linux-gnu/qt5/plugins/kf5/kio/http.so' from launcher.
Dec 30 00:11:25 deckard /usr/lib/gdm3/gdm-x-session[2093]: kdeinit5: preparing to launch '/usr/lib/x86_64-linux-gnu/qt5/plugins/kf5/kio/http.so'
Dec 30 00:11:25 deckard /usr/lib/gdm3/gdm-x-session[2093]: kdeinit5: Got EXEC_NEW '/usr/lib/x86_64-linux-gnu/qt5/plugins/kf5/kio/http.so' from launcher.
Dec 30 00:11:25 deckard /usr/lib/gdm3/gdm-x-session[2093]: kdeinit5: preparing to launch '/usr/lib/x86_64-linux-gnu/qt5/plugins/kf5/kio/http.so'
Dec 30 00:12:26 deckard kernel: [48859.709582] [UFW BLOCK] IN=wlp6s0 OUT= MAC=01:00:5e:00:00:01:20:b0:01:91:0a:ac:08:00 SRC=192.168.1.1 DST=224.0.0.1 LEN=36 TOS=0x00 PREC=0xC0 TTL=1 ID=0 DF PROTO=2 
Dec 30 00:13:05 deckard systemd-resolved[774]: Server returned error NXDOMAIN, mitigating potential DNS violation DVE-2018-0001, retrying transaction with reduced feature level UDP.
Dec 30 00:14:05 deckard /usr/lib/gdm3/gdm-x-session[2093]: kdeinit5: PID 42742 terminated.
Dec 30 00:14:05 deckard /usr/lib/gdm3/gdm-x-session[2093]: kdeinit5: PID 42743 terminated.
Dec 30 00:14:05 deckard /usr/lib/gdm3/gdm-x-session[2093]: kdeinit5: PID 42746 terminated.
Dec 30 00:14:26 deckard /usr/lib/gdm3/gdm-x-session[2093]: kdeinit5: PID 42758 terminated.
Dec 30 00:14:31 deckard kernel: [48984.741055] [UFW BLOCK] IN=wlp6s0 OUT= MAC=01:00:5e:00:00:01:20:b0:01:91:0a:ac:08:00 SRC=192.168.1.1 DST=224.0.0.1 LEN=36 TOS=0x00 PREC=0xC0 TTL=1 ID=0 DF PROTO=2 
Dec 30 00:14:42 deckard wpa_supplicant[887]: wlp6s0: WPA: Group rekeying completed with 20:b0:01:91:0a:ad [GTK=CCMP]
Dec 30 00:15:56 deckard /usr/lib/gdm3/gdm-x-session[2093]: kdeinit5: PID 42762 terminated.
Dec 30 00:16:35 deckard kernel: [49109.669933] [UFW BLOCK] IN=wlp6s0 OUT= MAC=01:00:5e:00:00:01:20:b0:01:91:0a:ac:08:00 SRC=192.168.1.1 DST=224.0.0.1 LEN=36 TOS=0x00 PREC=0xC0 TTL=1 ID=0 DF PROTO=2 
Dec 30 00:17:01 deckard CRON[42892]: (root) CMD (   cd / && run-parts --report /etc/cron.hourly)
Dec 30 00:18:05 deckard systemd-resolved[774]: Server returned error NXDOMAIN, mitigating potential DNS violation DVE-2018-0001, retrying transaction with reduced feature level UDP.
Dec 30 00:18:20 deckard /usr/lib/gdm3/gdm-x-session[2198]: libkcups: Renew-Subscription last error: 0 successful-ok
Dec 30 00:18:41 deckard kernel: [49234.701305] [UFW BLOCK] IN=wlp6s0 OUT= MAC=01:00:5e:00:00:01:20:b0:01:91:0a:ac:08:00 SRC=192.168.1.1 DST=224.0.0.1 LEN=36 TOS=0x00 PREC=0xC0 TTL=1 ID=0 DF PROTO=2 
Dec 30 00:20:46 deckard kernel: [49359.732551] [UFW BLOCK] IN=wlp6s0 OUT= MAC=01:00:5e:00:00:01:20:b0:01:91:0a:ac:08:00 SRC=192.168.1.1 DST=224.0.0.1 LEN=36 TOS=0x00 PREC=0xC0 TTL=1 ID=0 DF PROTO=2 
Dec 30 00:20:58 deckard /usr/lib/gdm3/gdm-x-session[2190]: qt.qpa.xcb: QXcbConnection: XCB error: 3 (BadWindow), sequence: 44342, resource id: 31871159, major code: 20 (GetProperty), minor code: 0
Dec 30 00:21:25 deckard /usr/lib/gdm3/gdm-x-session[2093]: kdeinit5: Got EXEC_NEW '/usr/lib/x86_64-linux-gnu/qt5/plugins/kf5/kio/http.so' from launcher.
Dec 30 00:21:25 deckard /usr/lib/gdm3/gdm-x-session[2093]: kdeinit5: preparing to launch '/usr/lib/x86_64-linux-gnu/qt5/plugins/kf5/kio/http.so'
Dec 30 00:21:26 deckard /usr/lib/gdm3/gdm-x-session[2093]: kdeinit5: Got EXEC_NEW '/usr/lib/x86_64-linux-gnu/qt5/plugins/kf5/kio/http.so' from launcher.
Dec 30 00:21:26 deckard /usr/lib/gdm3/gdm-x-session[2093]: kdeinit5: preparing to launch '/usr/lib/x86_64-linux-gnu/qt5/plugins/kf5/kio/http.so'
Dec 30 00:22:51 deckard kernel: [49484.764089] [UFW BLOCK] IN=wlp6s0 OUT= MAC=01:00:5e:00:00:01:20:b0:01:91:0a:ac:08:00 SRC=192.168.1.1 DST=224.0.0.1 LEN=36 TOS=0x00 PREC=0xC0 TTL=1 ID=0 DF PROTO=2 
Dec 30 00:22:56 deckard /usr/lib/gdm3/gdm-x-session[5721]: Fontconfig error: Cannot load default config file: No such file: (null)
Dec 30 00:23:05 deckard systemd-resolved[774]: Server returned error NXDOMAIN, mitigating potential DNS violation DVE-2018-0001, retrying transaction with reduced feature level UDP.
Dec 30 00:23:11 deckard /usr/lib/gdm3/gdm-x-session[2190]: qt.qpa.xcb: QXcbConnection: XCB error: 3 (BadWindow), sequence: 27795, resource id: 37750018, major code: 20 (GetProperty), minor code: 0
Dec 30 00:23:11 deckard /usr/lib/gdm3/gdm-x-session[2190]: qt.qpa.xcb: QXcbConnection: XCB error: 3 (BadWindow), sequence: 27796, resource id: 37750018, major code: 15 (QueryTree), minor code: 0
Dec 30 00:24:42 deckard wpa_supplicant[887]: wlp6s0: WPA: Group rekeying completed with 20:b0:01:91:0a:ad [GTK=CCMP]
Dec 30 00:24:56 deckard kernel: [49609.692854] [UFW BLOCK] IN=wlp6s0 OUT= MAC=01:00:5e:00:00:01:20:b0:01:91:0a:ac:08:00 SRC=192.168.1.1 DST=224.0.0.1 LEN=36 TOS=0x00 PREC=0xC0 TTL=1 ID=0 DF PROTO=2 
Dec 30 00:25:50 deckard systemd[1]: Starting Refresh fwupd metadata and update motd...
Dec 30 00:25:51 deckard dbus-daemon[850]: [system] Activating via systemd: service name='org.freedesktop.fwupd' unit='fwupd.service' requested by ':1.469' (uid=62803 pid=43738 comm="/usr/bin/fwupdmgr refresh --no-metadata-check " label="unconfined")
Dec 30 00:25:51 deckard systemd[1]: Starting Firmware update daemon...
Dec 30 00:25:52 deckard fwupd[43775]: 03:25:52:0416 FuPluginUefi         kernel efivars support missing: /sys/firmware/efi/efivars
Dec 30 00:25:52 deckard fwupd[43775]: 03:25:52:0454 FuEngine             device 602b0a6cc821d155208724f0e22f8d111542b74c [TOSHIBA MQ01ABD100] does not define a vendor-id!
Dec 30 00:25:52 deckard dbus-daemon[850]: [system] Successfully activated service 'org.freedesktop.fwupd'
Dec 30 00:25:52 deckard systemd[1]: Started Firmware update daemon.
Dec 30 00:25:52 deckard fwupdmgr[43738]: Fetching metadata https://cdn.fwupd.org/downloads/firmware.xml.gz
Dec 30 00:25:53 deckard fwupdmgr[43738]: Fetching signature https://cdn.fwupd.org/downloads/firmware.xml.gz.asc
Dec 30 00:25:54 deckard fwupdmgr[43738]: Successfully downloaded new metadata: 0 local devices supported
Dec 30 00:25:54 deckard systemd[1]: fwupd-refresh.service: Succeeded.
Dec 30 00:25:54 deckard systemd[1]: Finished Refresh fwupd metadata and update motd.
Dec 30 00:25:56 deckard /usr/lib/gdm3/gdm-x-session[2093]: kdeinit5: PID 43300 terminated.
Dec 30 00:25:57 deckard /usr/lib/gdm3/gdm-x-session[2093]: kdeinit5: PID 43304 terminated.
Dec 30 00:27:01 deckard kernel: [49734.724587] [UFW BLOCK] IN=wlp6s0 OUT= MAC=01:00:5e:00:00:01:20:b0:01:91:0a:ac:08:00 SRC=192.168.1.1 DST=224.0.0.1 LEN=36 TOS=0x00 PREC=0xC0 TTL=1 ID=0 DF PROTO=2 
Dec 30 00:27:10 deckard /usr/lib/gdm3/gdm-x-session[2190]: qt.qpa.xcb: QXcbConnection: XCB error: 3 (BadWindow), sequence: 24816, resource id: 37750046, major code: 15 (QueryTree), minor code: 0
Dec 30 00:28:05 deckard systemd-resolved[774]: Server returned error NXDOMAIN, mitigating potential DNS violation DVE-2018-0001, retrying transaction with reduced feature level UDP.
Dec 30 00:29:06 deckard kernel: [49859.755572] [UFW BLOCK] IN=wlp6s0 OUT= MAC=01:00:5e:00:00:01:20:b0:01:91:0a:ac:08:00 SRC=192.168.1.1 DST=224.0.0.1 LEN=36 TOS=0x00 PREC=0xC0 TTL=1 ID=0 DF PROTO=2 
Dec 30 00:30:50 deckard systemd[1]: Starting Message of the Day...
Dec 30 00:30:50 deckard systemd[1]: motd-news.service: Succeeded.
Dec 30 00:30:50 deckard systemd[1]: Finished Message of the Day.
Dec 30 00:31:05 deckard /usr/lib/gdm3/gdm-x-session[2190]: qt.qpa.xcb: QXcbConnection: XCB error: 3 (BadWindow), sequence: 122, resource id: 37750066, major code: 15 (QueryTree), minor code: 0
Dec 30 00:31:10 deckard /usr/lib/gdm3/gdm-x-session[2190]: qt.qpa.xcb: QXcbConnection: XCB error: 3 (BadWindow), sequence: 5217, resource id: 37750080, major code: 15 (QueryTree), minor code: 0
Dec 30 00:31:10 deckard kernel: [49984.684397] [UFW BLOCK] IN=wlp6s0 OUT= MAC=01:00:5e:00:00:01:20:b0:01:91:0a:ac:08:00 SRC=192.168.1.1 DST=224.0.0.1 LEN=36 TOS=0x00 PREC=0xC0 TTL=1 ID=0 DF PROTO=2 
Dec 30 00:31:25 deckard /usr/lib/gdm3/gdm-x-session[2093]: kdeinit5: Got EXEC_NEW '/usr/lib/x86_64-linux-gnu/qt5/plugins/kf5/kio/http.so' from launcher.
Dec 30 00:31:25 deckard /usr/lib/gdm3/gdm-x-session[2093]: kdeinit5: preparing to launch '/usr/lib/x86_64-linux-gnu/qt5/plugins/kf5/kio/http.so'
Dec 30 00:31:26 deckard /usr/lib/gdm3/gdm-x-session[2093]: kdeinit5: Got EXEC_NEW '/usr/lib/x86_64-linux-gnu/qt5/plugins/kf5/kio/http.so' from launcher.
Dec 30 00:31:26 deckard /usr/lib/gdm3/gdm-x-session[2093]: kdeinit5: preparing to launch '/usr/lib/x86_64-linux-gnu/qt5/plugins/kf5/kio/http.so'
Dec 30 00:33:05 deckard systemd-resolved[774]: Server returned error NXDOMAIN, mitigating potential DNS violation DVE-2018-0001, retrying transaction with reduced feature level UDP.
Dec 30 00:33:16 deckard kernel: [50109.715904] [UFW BLOCK] IN=wlp6s0 OUT= MAC=01:00:5e:00:00:01:20:b0:01:91:0a:ac:08:00 SRC=192.168.1.1 DST=224.0.0.1 LEN=36 TOS=0x00 PREC=0xC0 TTL=1 ID=0 DF PROTO=2 
Dec 30 00:33:46 deckard kernel: [50139.939957] [UFW BLOCK] IN=wlp6s0 OUT= MAC=01:00:5e:7f:ff:fa:b4:2e:99:3e:75:ab:08:00 SRC=192.168.1.122 DST=239.255.255.250 LEN=801 TOS=0x00 PREC=0x00 TTL=1 ID=8458 PROTO=UDP SPT=56407 DPT=3702 LEN=781 
Dec 30 00:34:34 deckard /usr/lib/gdm3/gdm-x-session[2190]: qt.qpa.xcb: QXcbConnection: XCB error: 3 (BadWindow), sequence: 41577, resource id: 31882686, major code: 20 (GetProperty), minor code: 0
Dec 30 00:34:42 deckard wpa_supplicant[887]: wlp6s0: WPA: Group rekeying completed with 20:b0:01:91:0a:ad [GTK=CCMP]
Dec 30 00:35:05 deckard /usr/lib/gdm3/gdm-x-session[2190]: qt.qpa.xcb: QXcbConnection: XCB error: 3 (BadWindow), sequence: 51738, resource id: 37750094, major code: 15 (QueryTree), minor code: 0
Dec 30 00:35:14 deckard /usr/lib/gdm3/gdm-x-session[2190]: qt.qpa.xcb: QXcbConnection: XCB error: 3 (BadWindow), sequence: 61924, resource id: 37750108, major code: 19 (DeleteProperty), minor code: 0
Dec 30 00:35:14 deckard /usr/lib/gdm3/gdm-x-session[2190]: qt.qpa.xcb: QXcbConnection: XCB error: 3 (BadWindow), sequence: 61927, resource id: 37750108, major code: 19 (DeleteProperty), minor code: 0
Dec 30 00:35:14 deckard /usr/lib/gdm3/gdm-x-session[2190]: qt.qpa.xcb: QXcbConnection: XCB error: 3 (BadWindow), sequence: 61928, resource id: 37750108, major code: 18 (ChangeProperty), minor code: 0
Dec 30 00:35:14 deckard /usr/lib/gdm3/gdm-x-session[2190]: qt.qpa.xcb: QXcbConnection: XCB error: 3 (BadWindow), sequence: 61929, resource id: 37750108, major code: 19 (DeleteProperty), minor code: 0
Dec 30 00:35:14 deckard /usr/lib/gdm3/gdm-x-session[2190]: qt.qpa.xcb: QXcbConnection: XCB error: 3 (BadWindow), sequence: 61930, resource id: 37750108, major code: 19 (DeleteProperty), minor code: 0
Dec 30 00:35:14 deckard /usr/lib/gdm3/gdm-x-session[2190]: qt.qpa.xcb: QXcbConnection: XCB error: 3 (BadWindow), sequence: 61931, resource id: 37750108, major code: 19 (DeleteProperty), minor code: 0
Dec 30 00:35:14 deckard /usr/lib/gdm3/gdm-x-session[2190]: qt.qpa.xcb: QXcbConnection: XCB error: 3 (BadWindow), sequence: 61932, resource id: 37750108, major code: 7 (ReparentWindow), minor code: 0
Dec 30 00:35:14 deckard /usr/lib/gdm3/gdm-x-session[2190]: qt.qpa.xcb: QXcbConnection: XCB error: 3 (BadWindow), sequence: 61933, resource id: 37750108, major code: 6 (ChangeSaveSet), minor code: 0
Dec 30 00:35:14 deckard /usr/lib/gdm3/gdm-x-session[2190]: qt.qpa.xcb: QXcbConnection: XCB error: 3 (BadWindow), sequence: 61934, resource id: 37750108, major code: 2 (ChangeWindowAttributes), minor code: 0
Dec 30 00:35:14 deckard /usr/lib/gdm3/gdm-x-session[2190]: qt.qpa.xcb: QXcbConnection: XCB error: 3 (BadWindow), sequence: 61935, resource id: 37750108, major code: 10 (UnmapWindow), minor code: 0
Dec 30 00:35:56 deckard /usr/lib/gdm3/gdm-x-session[2093]: kdeinit5: PID 44215 terminated.
Dec 30 00:35:57 deckard /usr/lib/gdm3/gdm-x-session[2093]: kdeinit5: PID 44219 terminated.
Dec 30 00:36:22 deckard /usr/lib/gdm3/gdm-x-session[2190]: qt.qpa.xcb: QXcbConnection: XCB error: 3 (BadWindow), sequence: 8456, resource id: 54526026, major code: 3 (GetWindowAttributes), minor code: 0
Dec 30 00:37:26 deckard kernel: [50359.778487] [UFW BLOCK] IN=wlp6s0 OUT= MAC=01:00:5e:00:00:01:20:b0:01:91:0a:ac:08:00 SRC=192.168.1.1 DST=224.0.0.1 LEN=36 TOS=0x00 PREC=0xC0 TTL=1 ID=0 DF PROTO=2 
Dec 30 00:37:39 deckard /usr/lib/gdm3/gdm-x-session[2190]: qt.qpa.xcb: QXcbConnection: XCB error: 3 (BadWindow), sequence: 21746, resource id: 54526029, major code: 20 (GetProperty), minor code: 0
Dec 30 00:38:05 deckard systemd-resolved[774]: Server returned error NXDOMAIN, mitigating potential DNS violation DVE-2018-0001, retrying transaction with reduced feature level UDP.
Dec 30 00:38:18 deckard /usr/lib/gdm3/gdm-x-session[2190]: qt.qpa.xcb: QXcbConnection: XCB error: 3 (BadWindow), sequence: 32118, resource id: 54526038, major code: 2 (ChangeWindowAttributes), minor code: 0
Dec 30 00:39:21 deckard /usr/lib/gdm3/gdm-x-session[2190]: qt.qpa.xcb: QXcbConnection: XCB error: 3 (BadWindow), sequence: 47956, resource id: 31894248, major code: 20 (GetProperty), minor code: 0
Dec 30 00:39:31 deckard kernel: [50484.710974] [UFW BLOCK] IN=wlp6s0 OUT= MAC=01:00:5e:00:00:01:20:b0:01:91:0a:ac:08:00 SRC=192.168.1.1 DST=224.0.0.1 LEN=36 TOS=0x00 PREC=0xC0 TTL=1 ID=0 DF PROTO=2 
Dec 30 00:39:33 deckard wpa_supplicant[887]: wlp6s0: CTRL-EVENT-BEACON-LOSS 
Dec 30 00:41:25 deckard /usr/lib/gdm3/gdm-x-session[2093]: kdeinit5: Got EXEC_NEW '/usr/lib/x86_64-linux-gnu/qt5/plugins/kf5/kio/http.so' from launcher.
Dec 30 00:41:25 deckard /usr/lib/gdm3/gdm-x-session[2093]: kdeinit5: preparing to launch '/usr/lib/x86_64-linux-gnu/qt5/plugins/kf5/kio/http.so'
Dec 30 00:41:25 deckard /usr/lib/gdm3/gdm-x-session[2093]: kdeinit5: Got EXEC_NEW '/usr/lib/x86_64-linux-gnu/qt5/plugins/kf5/kio/http.so' from launcher.
Dec 30 00:41:25 deckard /usr/lib/gdm3/gdm-x-session[2093]: kdeinit5: preparing to launch '/usr/lib/x86_64-linux-gnu/qt5/plugins/kf5/kio/http.so'
Dec 30 00:41:36 deckard kernel: [50609.738813] [UFW BLOCK] IN=wlp6s0 OUT= MAC=01:00:5e:00:00:01:20:b0:01:91:0a:ac:08:00 SRC=192.168.1.1 DST=224.0.0.1 LEN=36 TOS=0x00 PREC=0xC0 TTL=1 ID=0 DF PROTO=2 
Dec 30 00:43:05 deckard systemd-resolved[774]: Server returned error NXDOMAIN, mitigating potential DNS violation DVE-2018-0001, retrying transaction with reduced feature level UDP.
Dec 30 00:43:41 deckard kernel: [50734.770129] [UFW BLOCK] IN=wlp6s0 OUT= MAC=01:00:5e:00:00:01:20:b0:01:91:0a:ac:08:00 SRC=192.168.1.1 DST=224.0.0.1 LEN=36 TOS=0x00 PREC=0xC0 TTL=1 ID=0 DF PROTO=2 
Dec 30 00:44:42 deckard wpa_supplicant[887]: wlp6s0: WPA: Group rekeying completed with 20:b0:01:91:0a:ad [GTK=CCMP]
Dec 30 00:45:16 deckard /usr/lib/gdm3/gdm-x-session[2190]: qt.qpa.xcb: QXcbConnection: XCB error: 3 (BadWindow), sequence: 52057, resource id: 31898863, major code: 20 (GetProperty), minor code: 0
Dec 30 00:45:21 deckard /usr/lib/gdm3/gdm-x-session[2190]: qt.qpa.xcb: QXcbConnection: XCB error: 3 (BadWindow), sequence: 55200, resource id: 31902317, major code: 20 (GetProperty), minor code: 0
Dec 30 00:45:39 deckard /usr/lib/gdm3/gdm-x-session[5721]: Fontconfig error: Cannot load default config file: No such file: (null)
Dec 30 00:45:46 deckard kernel: [50859.699184] [UFW BLOCK] IN=wlp6s0 OUT= MAC=01:00:5e:00:00:01:20:b0:01:91:0a:ac:08:00 SRC=192.168.1.1 DST=224.0.0.1 LEN=36 TOS=0x00 PREC=0xC0 TTL=1 ID=0 DF PROTO=2 
Dec 30 00:45:55 deckard /usr/lib/gdm3/gdm-x-session[2093]: kdeinit5: PID 44793 terminated.
Dec 30 00:45:56 deckard /usr/lib/gdm3/gdm-x-session[2093]: kdeinit5: PID 44797 terminated.
Dec 30 00:45:56 deckard /usr/lib/gdm3/gdm-x-session[2190]: qt.qpa.xcb: QXcbConnection: XCB error: 3 (BadWindow), sequence: 65023, resource id: 31902949, major code: 20 (GetProperty), minor code: 0
Dec 30 00:47:44 deckard wpa_supplicant[887]: wlp6s0: CTRL-EVENT-BEACON-LOSS 
Dec 30 00:47:45 deckard wpa_supplicant[887]: wlp6s0: CTRL-EVENT-DISCONNECTED bssid=20:b0:01:91:0a:ad reason=4 locally_generated=1
Dec 30 00:47:45 deckard NetworkManager[851]: <warn>  [1609300065.0708] sup-iface[0x5561493f1900,wlp6s0]: connection disconnected (reason -4)
Dec 30 00:47:45 deckard wpa_supplicant[887]: wlp6s0: CTRL-EVENT-REGDOM-CHANGE init=CORE type=WORLD
Dec 30 00:47:45 deckard NetworkManager[851]: <info>  [1609300065.0940] device (wlp6s0): supplicant interface state: completed -> disconnected
Dec 30 00:47:45 deckard NetworkManager[851]: <info>  [1609300065.0940] device (p2p-dev-wlp6s0): supplicant management interface state: completed -> disconnected
Dec 30 00:47:45 deckard NetworkManager[851]: <info>  [1609300065.1771] device (wlp6s0): supplicant interface state: disconnected -> scanning
Dec 30 00:47:45 deckard NetworkManager[851]: <info>  [1609300065.1771] device (p2p-dev-wlp6s0): supplicant management interface state: disconnected -> scanning
Dec 30 00:47:45 deckard /usr/lib/gdm3/gdm-x-session[5721]: [5715:5736:1230/004745.482443:ERROR:connection_factory_impl.cc(428)] Failed to connect to MCS endpoint with error -106
Dec 30 00:47:46 deckard wpa_supplicant[887]: wlp6s0: SME: Trying to authenticate with 20:b0:01:91:0a:ad (SSID='LIVE TIM_TAMASHIRO' freq=2462 MHz)
Dec 30 00:47:46 deckard kernel: [50979.807750] wlp6s0: authenticate with 20:b0:01:91:0a:ad
Dec 30 00:47:46 deckard NetworkManager[851]: <info>  [1609300066.1388] device (wlp6s0): supplicant interface state: scanning -> authenticating
Dec 30 00:47:46 deckard NetworkManager[851]: <info>  [1609300066.1394] device (p2p-dev-wlp6s0): supplicant management interface state: scanning -> authenticating
Dec 30 00:47:46 deckard kernel: [50979.822133] wlp6s0: send auth to 20:b0:01:91:0a:ad (try 1/3)
Dec 30 00:47:46 deckard kernel: [50979.924041] wlp6s0: send auth to 20:b0:01:91:0a:ad (try 2/3)
Dec 30 00:47:46 deckard kernel: [50980.028065] wlp6s0: send auth to 20:b0:01:91:0a:ad (try 3/3)
Dec 30 00:47:46 deckard kernel: [50980.132075] wlp6s0: authentication with 20:b0:01:91:0a:ad timed out
Dec 30 00:47:46 deckard NetworkManager[851]: <info>  [1609300066.4767] device (wlp6s0): supplicant interface state: authenticating -> disconnected
Dec 30 00:47:46 deckard NetworkManager[851]: <info>  [1609300066.4768] device (p2p-dev-wlp6s0): supplicant management interface state: authenticating -> disconnected
Dec 30 00:47:46 deckard NetworkManager[851]: <info>  [1609300066.9807] device (wlp6s0): supplicant interface state: disconnected -> scanning
Dec 30 00:47:46 deckard NetworkManager[851]: <info>  [1609300066.9808] device (p2p-dev-wlp6s0): supplicant management interface state: disconnected -> scanning
Dec 30 00:47:47 deckard kernel: [50981.622890] wlp6s0: authenticate with 20:b0:01:91:0a:ad
Dec 30 00:47:47 deckard wpa_supplicant[887]: wlp6s0: SME: Trying to authenticate with 20:b0:01:91:0a:ad (SSID='LIVE TIM_TAMASHIRO' freq=2462 MHz)
Dec 30 00:47:47 deckard NetworkManager[851]: <info>  [1609300067.9548] device (wlp6s0): supplicant interface state: scanning -> authenticating
Dec 30 00:47:47 deckard NetworkManager[851]: <info>  [1609300067.9549] device (p2p-dev-wlp6s0): supplicant management interface state: scanning -> authenticating
Dec 30 00:47:47 deckard kernel: [50981.638151] wlp6s0: send auth to 20:b0:01:91:0a:ad (try 1/3)
Dec 30 00:47:47 deckard wpa_supplicant[887]: wlp6s0: Trying to associate with 20:b0:01:91:0a:ad (SSID='LIVE TIM_TAMASHIRO' freq=2462 MHz)
Dec 30 00:47:47 deckard kernel: [50981.641129] wlp6s0: authenticated
Dec 30 00:47:47 deckard kernel: [50981.644031] wlp6s0: associate with 20:b0:01:91:0a:ad (try 1/3)
Dec 30 00:47:47 deckard NetworkManager[851]: <info>  [1609300067.9599] device (wlp6s0): supplicant interface state: authenticating -> associating
Dec 30 00:47:47 deckard NetworkManager[851]: <info>  [1609300067.9600] device (p2p-dev-wlp6s0): supplicant management interface state: authenticating -> associating
Dec 30 00:47:47 deckard kernel: [50981.652222] wlp6s0: RX AssocResp from 20:b0:01:91:0a:ad (capab=0x1411 status=0 aid=2)
Dec 30 00:47:47 deckard wpa_supplicant[887]: wlp6s0: Associated with 20:b0:01:91:0a:ad
Dec 30 00:47:47 deckard kernel: [50981.652484] wlp6s0: associated
Dec 30 00:47:47 deckard wpa_supplicant[887]: wlp6s0: CTRL-EVENT-SUBNET-STATUS-UPDATE status=0
Dec 30 00:47:47 deckard NetworkManager[851]: <info>  [1609300067.9747] device (wlp6s0): supplicant interface state: associating -> associated
Dec 30 00:47:47 deckard NetworkManager[851]: <info>  [1609300067.9748] device (p2p-dev-wlp6s0): supplicant management interface state: associating -> associated
Dec 30 00:47:47 deckard NetworkManager[851]: <info>  [1609300067.9868] device (wlp6s0): supplicant interface state: associated -> 4-way handshake
Dec 30 00:47:47 deckard NetworkManager[851]: <info>  [1609300067.9869] device (p2p-dev-wlp6s0): supplicant management interface state: associated -> 4-way handshake
Dec 30 00:47:48 deckard NetworkManager[851]: <info>  [1609300068.0038] device (wlp6s0): supplicant interface state: 4-way handshake -> completed
Dec 30 00:47:48 deckard wpa_supplicant[887]: wlp6s0: WPA: Key negotiation completed with 20:b0:01:91:0a:ad [PTK=CCMP GTK=CCMP]
Dec 30 00:47:48 deckard NetworkManager[851]: <info>  [1609300068.0046] device (p2p-dev-wlp6s0): supplicant management interface state: 4-way handshake -> completed
Dec 30 00:47:48 deckard wpa_supplicant[887]: wlp6s0: CTRL-EVENT-CONNECTED - Connection to 20:b0:01:91:0a:ad completed [id=0 id_str=]
Dec 30 00:47:48 deckard wpa_supplicant[887]: wlp6s0: CTRL-EVENT-SIGNAL-CHANGE above=1 signal=-55 noise=-95 txrate=58500
Dec 30 00:47:50 deckard systemd-resolved[774]: Server returned error NXDOMAIN, mitigating potential DNS violation DVE-2018-0001, retrying transaction with reduced feature level UDP.
Dec 30 00:48:05 deckard systemd-resolved[774]: message repeated 3 times: [ Server returned error NXDOMAIN, mitigating potential DNS violation DVE-2018-0001, retrying transaction with reduced feature level UDP.]
Dec 30 00:51:19 deckard /usr/lib/gdm3/gdm-x-session[2190]: qt.qpa.xcb: QXcbConnection: XCB error: 3 (BadWindow), sequence: 19538, resource id: 37750208, major code: 15 (QueryTree), minor code: 0
Dec 30 00:51:25 deckard /usr/lib/gdm3/gdm-x-session[2093]: kdeinit5: Got EXEC_NEW '/usr/lib/x86_64-linux-gnu/qt5/plugins/kf5/kio/http.so' from launcher.
Dec 30 00:51:25 deckard /usr/lib/gdm3/gdm-x-session[2093]: kdeinit5: preparing to launch '/usr/lib/x86_64-linux-gnu/qt5/plugins/kf5/kio/http.so'
Dec 30 00:51:26 deckard /usr/lib/gdm3/gdm-x-session[2093]: kdeinit5: Got EXEC_NEW '/usr/lib/x86_64-linux-gnu/qt5/plugins/kf5/kio/http.so' from launcher.
Dec 30 00:51:26 deckard /usr/lib/gdm3/gdm-x-session[2093]: kdeinit5: preparing to launch '/usr/lib/x86_64-linux-gnu/qt5/plugins/kf5/kio/http.so'
Dec 30 00:52:01 deckard kernel: [51234.793043] [UFW BLOCK] IN=wlp6s0 OUT= MAC=01:00:5e:00:00:01:20:b0:01:91:0a:ac:08:00 SRC=192.168.1.1 DST=224.0.0.1 LEN=36 TOS=0x00 PREC=0xC0 TTL=1 ID=0 DF PROTO=2 
Dec 30 00:53:05 deckard systemd-resolved[774]: Server returned error NXDOMAIN, mitigating potential DNS violation DVE-2018-0001, retrying transaction with reduced feature level UDP.
Dec 30 00:54:06 deckard kernel: [51359.722042] [UFW BLOCK] IN=wlp6s0 OUT= MAC=01:00:5e:00:00:01:20:b0:01:91:0a:ac:08:00 SRC=192.168.1.1 DST=224.0.0.1 LEN=36 TOS=0x00 PREC=0xC0 TTL=1 ID=0 DF PROTO=2 
Dec 30 00:54:42 deckard wpa_supplicant[887]: wlp6s0: WPA: Group rekeying completed with 20:b0:01:91:0a:ad [GTK=CCMP]
Dec 30 00:55:56 deckard /usr/lib/gdm3/gdm-x-session[2093]: kdeinit5: PID 45529 terminated.
Dec 30 00:55:57 deckard /usr/lib/gdm3/gdm-x-session[2093]: kdeinit5: PID 45534 terminated.
Dec 30 00:56:11 deckard kernel: [51484.753397] [UFW BLOCK] IN=wlp6s0 OUT= MAC=01:00:5e:00:00:01:20:b0:01:91:0a:ac:08:00 SRC=192.168.1.1 DST=224.0.0.1 LEN=36 TOS=0x00 PREC=0xC0 TTL=1 ID=0 DF PROTO=2 
Dec 30 00:57:34 deckard /usr/lib/gdm3/gdm-x-session[2093]: kdeinit5: Got EXEC_NEW '/usr/lib/x86_64-linux-gnu/qt5/plugins/kf5/kio/http.so' from launcher.
Dec 30 00:57:34 deckard /usr/lib/gdm3/gdm-x-session[2093]: kdeinit5: preparing to launch '/usr/lib/x86_64-linux-gnu/qt5/plugins/kf5/kio/http.so'
Dec 30 00:57:34 deckard /usr/lib/gdm3/gdm-x-session[2093]: kdeinit5: Got EXEC_NEW '/usr/lib/x86_64-linux-gnu/qt5/plugins/kf5/kio/http.so' from launcher.
Dec 30 00:57:34 deckard /usr/lib/gdm3/gdm-x-session[2093]: kdeinit5: preparing to launch '/usr/lib/x86_64-linux-gnu/qt5/plugins/kf5/kio/http.so'
Dec 30 00:57:34 deckard /usr/lib/gdm3/gdm-x-session[2093]: kdeinit5: Got EXEC_NEW '/usr/lib/x86_64-linux-gnu/qt5/plugins/kf5/kio/http.so' from launcher.
Dec 30 00:57:34 deckard /usr/lib/gdm3/gdm-x-session[2093]: kdeinit5: preparing to launch '/usr/lib/x86_64-linux-gnu/qt5/plugins/kf5/kio/http.so'
Dec 30 00:57:35 deckard /usr/lib/gdm3/gdm-x-session[2190]: qt.qpa.xcb: QXcbConnection: XCB error: 3 (BadWindow), sequence: 32804, resource id: 54526097, major code: 3 (GetWindowAttributes), minor code: 0
Dec 30 00:57:35 deckard /usr/lib/gdm3/gdm-x-session[2190]: qt.qpa.xcb: QXcbConnection: XCB error: 9 (BadDrawable), sequence: 32805, resource id: 54526097, major code: 14 (GetGeometry), minor code: 0
Dec 30 00:58:05 deckard systemd-resolved[774]: Server returned error NXDOMAIN, mitigating potential DNS violation DVE-2018-0001, retrying transaction with reduced feature level UDP.
Dec 30 00:58:16 deckard kernel: [51609.784573] [UFW BLOCK] IN=wlp6s0 OUT= MAC=01:00:5e:00:00:01:20:b0:01:91:0a:ac:08:00 SRC=192.168.1.1 DST=224.0.0.1 LEN=36 TOS=0x00 PREC=0xC0 TTL=1 ID=0 DF PROTO=2 
Dec 30 00:59:08 deckard /usr/lib/gdm3/gdm-x-session[2190]: qt.qpa.xcb: QXcbConnection: XCB error: 3 (BadWindow), sequence: 51542, resource id: 37750222, major code: 19 (DeleteProperty), minor code: 0
Dec 30 00:59:08 deckard /usr/lib/gdm3/gdm-x-session[2190]: qt.qpa.xcb: QXcbConnection: XCB error: 3 (BadWindow), sequence: 51545, resource id: 37750222, major code: 19 (DeleteProperty), minor code: 0
Dec 30 00:59:08 deckard /usr/lib/gdm3/gdm-x-session[2190]: qt.qpa.xcb: QXcbConnection: XCB error: 3 (BadWindow), sequence: 51546, resource id: 37750222, major code: 18 (ChangeProperty), minor code: 0
Dec 30 00:59:08 deckard /usr/lib/gdm3/gdm-x-session[2190]: qt.qpa.xcb: QXcbConnection: XCB error: 3 (BadWindow), sequence: 51547, resource id: 37750222, major code: 19 (DeleteProperty), minor code: 0
Dec 30 00:59:08 deckard /usr/lib/gdm3/gdm-x-session[2190]: qt.qpa.xcb: QXcbConnection: XCB error: 3 (BadWindow), sequence: 51548, resource id: 37750222, major code: 19 (DeleteProperty), minor code: 0
Dec 30 00:59:08 deckard /usr/lib/gdm3/gdm-x-session[2190]: qt.qpa.xcb: QXcbConnection: XCB error: 3 (BadWindow), sequence: 51549, resource id: 37750222, major code: 19 (DeleteProperty), minor code: 0
Dec 30 00:59:08 deckard /usr/lib/gdm3/gdm-x-session[2190]: qt.qpa.xcb: QXcbConnection: XCB error: 3 (BadWindow), sequence: 51550, resource id: 37750222, major code: 7 (ReparentWindow), minor code: 0
Dec 30 00:59:08 deckard /usr/lib/gdm3/gdm-x-session[2190]: qt.qpa.xcb: QXcbConnection: XCB error: 3 (BadWindow), sequence: 51551, resource id: 37750222, major code: 6 (ChangeSaveSet), minor code: 0
Dec 30 00:59:08 deckard /usr/lib/gdm3/gdm-x-session[2190]: qt.qpa.xcb: QXcbConnection: XCB error: 3 (BadWindow), sequence: 51552, resource id: 37750222, major code: 2 (ChangeWindowAttributes), minor code: 0
Dec 30 00:59:08 deckard /usr/lib/gdm3/gdm-x-session[2190]: qt.qpa.xcb: QXcbConnection: XCB error: 3 (BadWindow), sequence: 51553, resource id: 37750222, major code: 10 (UnmapWindow), minor code: 0
Dec 30 00:59:13 deckard /usr/lib/gdm3/gdm-x-session[2190]: qt.qpa.xcb: QXcbConnection: XCB error: 3 (BadWindow), sequence: 57601, resource id: 37750236, major code: 15 (QueryTree), minor code: 0
Dec 30 01:00:21 deckard kernel: [51734.713503] [UFW BLOCK] IN=wlp6s0 OUT= MAC=01:00:5e:00:00:01:20:b0:01:91:0a:ac:08:00 SRC=192.168.1.1 DST=224.0.0.1 LEN=36 TOS=0x00 PREC=0xC0 TTL=1 ID=0 DF PROTO=2 
Dec 30 01:01:25 deckard /usr/lib/gdm3/gdm-x-session[2093]: kdeinit5: Got EXEC_NEW '/usr/lib/x86_64-linux-gnu/qt5/plugins/kf5/kio/http.so' from launcher.
Dec 30 01:01:25 deckard /usr/lib/gdm3/gdm-x-session[2093]: kdeinit5: preparing to launch '/usr/lib/x86_64-linux-gnu/qt5/plugins/kf5/kio/http.so'
Dec 30 01:01:25 deckard /usr/lib/gdm3/gdm-x-session[2093]: kdeinit5: Got EXEC_NEW '/usr/lib/x86_64-linux-gnu/qt5/plugins/kf5/kio/http.so' from launcher.
Dec 30 01:01:25 deckard /usr/lib/gdm3/gdm-x-session[2093]: kdeinit5: preparing to launch '/usr/lib/x86_64-linux-gnu/qt5/plugins/kf5/kio/http.so'
Dec 30 01:02:04 deckard /usr/lib/gdm3/gdm-x-session[2093]: kdeinit5: PID 45850 terminated.
Dec 30 01:02:04 deckard /usr/lib/gdm3/gdm-x-session[2093]: kdeinit5: PID 45859 terminated.
Dec 30 01:02:04 deckard /usr/lib/gdm3/gdm-x-session[2093]: kdeinit5: PID 45851 terminated.
Dec 30 01:02:26 deckard kernel: [51859.745242] [UFW BLOCK] IN=wlp6s0 OUT= MAC=01:00:5e:00:00:01:20:b0:01:91:0a:ac:08:00 SRC=192.168.1.1 DST=224.0.0.1 LEN=36 TOS=0x00 PREC=0xC0 TTL=1 ID=0 DF PROTO=2 
Dec 30 01:03:05 deckard systemd-resolved[774]: Server returned error NXDOMAIN, mitigating potential DNS violation DVE-2018-0001, retrying transaction with reduced feature level UDP.
Dec 30 01:03:09 deckard /usr/lib/gdm3/gdm-x-session[2190]: qt.qpa.xcb: QXcbConnection: XCB error: 3 (BadWindow), sequence: 33957, resource id: 37750250, major code: 20 (GetProperty), minor code: 0
Dec 30 01:03:09 deckard /usr/lib/gdm3/gdm-x-session[2190]: qt.qpa.xcb: QXcbConnection: XCB error: 3 (BadWindow), sequence: 33958, resource id: 37750250, major code: 15 (QueryTree), minor code: 0
Dec 30 01:04:26 deckard /usr/lib/gdm3/gdm-x-session[2093]: kdeinit5: PID 45949 terminated.
Dec 30 01:04:31 deckard kernel: [51984.776362] [UFW BLOCK] IN=wlp6s0 OUT= MAC=01:00:5e:00:00:01:20:b0:01:91:0a:ac:08:00 SRC=192.168.1.1 DST=224.0.0.1 LEN=36 TOS=0x00 PREC=0xC0 TTL=1 ID=0 DF PROTO=2 
Dec 30 01:04:42 deckard wpa_supplicant[887]: wlp6s0: WPA: Group rekeying completed with 20:b0:01:91:0a:ad [GTK=CCMP]
Dec 30 01:05:57 deckard /usr/lib/gdm3/gdm-x-session[2093]: kdeinit5: PID 45953 terminated.
Dec 30 01:08:05 deckard systemd-resolved[774]: Server returned error NXDOMAIN, mitigating potential DNS violation DVE-2018-0001, retrying transaction with reduced feature level UDP.
Dec 30 01:08:41 deckard kernel: [52234.736351] [UFW BLOCK] IN=wlp6s0 OUT= MAC=01:00:5e:00:00:01:20:b0:01:91:0a:ac:08:00 SRC=192.168.1.1 DST=224.0.0.1 LEN=36 TOS=0x00 PREC=0xC0 TTL=1 ID=0 DF PROTO=2 
Dec 30 01:10:46 deckard kernel: [52359.767758] [UFW BLOCK] IN=wlp6s0 OUT= MAC=01:00:5e:00:00:01:20:b0:01:91:0a:ac:08:00 SRC=192.168.1.1 DST=224.0.0.1 LEN=36 TOS=0x00 PREC=0xC0 TTL=1 ID=0 DF PROTO=2 
Dec 30 01:11:25 deckard /usr/lib/gdm3/gdm-x-session[2093]: kdeinit5: Got EXEC_NEW '/usr/lib/x86_64-linux-gnu/qt5/plugins/kf5/kio/http.so' from launcher.
Dec 30 01:11:25 deckard /usr/lib/gdm3/gdm-x-session[2093]: kdeinit5: preparing to launch '/usr/lib/x86_64-linux-gnu/qt5/plugins/kf5/kio/http.so'
Dec 30 01:11:26 deckard /usr/lib/gdm3/gdm-x-session[2093]: kdeinit5: Got EXEC_NEW '/usr/lib/x86_64-linux-gnu/qt5/plugins/kf5/kio/http.so' from launcher.
Dec 30 01:11:26 deckard /usr/lib/gdm3/gdm-x-session[2093]: kdeinit5: preparing to launch '/usr/lib/x86_64-linux-gnu/qt5/plugins/kf5/kio/http.so'
Dec 30 01:13:05 deckard systemd-resolved[774]: Server returned error NXDOMAIN, mitigating potential DNS violation DVE-2018-0001, retrying transaction with reduced feature level UDP.
Dec 30 01:14:27 deckard /usr/lib/gdm3/gdm-x-session[2093]: kdeinit5: PID 46285 terminated.
Dec 30 01:14:42 deckard wpa_supplicant[887]: wlp6s0: WPA: Group rekeying completed with 20:b0:01:91:0a:ad [GTK=CCMP]
Dec 30 01:15:24 deckard /usr/lib/gdm3/gdm-x-session[2190]: qt.qpa.xcb: QXcbConnection: XCB error: 3 (BadWindow), sequence: 24262, resource id: 37750306, major code: 15 (QueryTree), minor code: 0
Dec 30 01:15:57 deckard /usr/lib/gdm3/gdm-x-session[2093]: kdeinit5: PID 46292 terminated.
Dec 30 01:16:40 deckard /usr/lib/gdm3/gdm-x-session[2198]: libkcups: Renew-Subscription last error: 0 successful-ok
Dec 30 01:17:02 deckard CRON[46528]: (root) CMD (   cd / && run-parts --report /etc/cron.hourly)
Dec 30 01:18:05 deckard systemd-resolved[774]: Server returned error NXDOMAIN, mitigating potential DNS violation DVE-2018-0001, retrying transaction with reduced feature level UDP.
Dec 30 01:19:06 deckard kernel: [52859.790419] [UFW BLOCK] IN=wlp6s0 OUT= MAC=01:00:5e:00:00:01:20:b0:01:91:0a:ac:08:00 SRC=192.168.1.1 DST=224.0.0.1 LEN=36 TOS=0x00 PREC=0xC0 TTL=1 ID=0 DF PROTO=2 
Dec 30 01:21:11 deckard kernel: [52984.719297] [UFW BLOCK] IN=wlp6s0 OUT= MAC=01:00:5e:00:00:01:20:b0:01:91:0a:ac:08:00 SRC=192.168.1.1 DST=224.0.0.1 LEN=36 TOS=0x00 PREC=0xC0 TTL=1 ID=0 DF PROTO=2 
Dec 30 01:21:25 deckard /usr/lib/gdm3/gdm-x-session[2093]: kdeinit5: Got EXEC_NEW '/usr/lib/x86_64-linux-gnu/qt5/plugins/kf5/kio/http.so' from launcher.
Dec 30 01:21:25 deckard /usr/lib/gdm3/gdm-x-session[2093]: kdeinit5: preparing to launch '/usr/lib/x86_64-linux-gnu/qt5/plugins/kf5/kio/http.so'
Dec 30 01:21:26 deckard /usr/lib/gdm3/gdm-x-session[2093]: kdeinit5: Got EXEC_NEW '/usr/lib/x86_64-linux-gnu/qt5/plugins/kf5/kio/http.so' from launcher.
Dec 30 01:21:26 deckard /usr/lib/gdm3/gdm-x-session[2093]: kdeinit5: preparing to launch '/usr/lib/x86_64-linux-gnu/qt5/plugins/kf5/kio/http.so'
Dec 30 01:23:05 deckard systemd-resolved[774]: Server returned error NXDOMAIN, mitigating potential DNS violation DVE-2018-0001, retrying transaction with reduced feature level UDP.
Dec 30 01:23:16 deckard kernel: [53109.750622] [UFW BLOCK] IN=wlp6s0 OUT= MAC=01:00:5e:00:00:01:20:b0:01:91:0a:ac:08:00 SRC=192.168.1.1 DST=224.0.0.1 LEN=36 TOS=0x00 PREC=0xC0 TTL=1 ID=0 DF PROTO=2 
Dec 30 01:24:42 deckard wpa_supplicant[887]: wlp6s0: WPA: Group rekeying completed with 20:b0:01:91:0a:ad [GTK=CCMP]
Dec 30 01:25:21 deckard kernel: [53234.781953] [UFW BLOCK] IN=wlp6s0 OUT= MAC=01:00:5e:00:00:01:20:b0:01:91:0a:ac:08:00 SRC=192.168.1.1 DST=224.0.0.1 LEN=36 TOS=0x00 PREC=0xC0 TTL=1 ID=0 DF PROTO=2 
Dec 30 01:25:56 deckard /usr/lib/gdm3/gdm-x-session[2093]: kdeinit5: PID 47004 terminated.
Dec 30 01:25:57 deckard /usr/lib/gdm3/gdm-x-session[2093]: kdeinit5: PID 47008 terminated.
Dec 30 01:27:26 deckard kernel: [53359.813216] [UFW BLOCK] IN=wlp6s0 OUT= MAC=01:00:5e:00:00:01:20:b0:01:91:0a:ac:08:00 SRC=192.168.1.1 DST=224.0.0.1 LEN=36 TOS=0x00 PREC=0xC0 TTL=1 ID=0 DF PROTO=2 
Dec 30 01:28:05 deckard systemd-resolved[774]: Server returned error NXDOMAIN, mitigating potential DNS violation DVE-2018-0001, retrying transaction with reduced feature level UDP.
Dec 30 01:29:31 deckard kernel: [53484.742000] [UFW BLOCK] IN=wlp6s0 OUT= MAC=01:00:5e:00:00:01:20:b0:01:91:0a:ac:08:00 SRC=192.168.1.1 DST=224.0.0.1 LEN=36 TOS=0x00 PREC=0xC0 TTL=1 ID=0 DF PROTO=2 
Dec 30 01:30:54 deckard /usr/lib/gdm3/gdm-x-session[2198]: file:///usr/share/plasma/plasmoids/org.kde.plasma.notifications/contents/ui/SelectableLabel.qml:60:9: QML QQuickTextEdit: Binding loop detected for property "width"
Dec 30 01:31:25 deckard /usr/lib/gdm3/gdm-x-session[2093]: kdeinit5: Got EXEC_NEW '/usr/lib/x86_64-linux-gnu/qt5/plugins/kf5/kio/http.so' from launcher.
Dec 30 01:31:25 deckard /usr/lib/gdm3/gdm-x-session[2093]: kdeinit5: preparing to launch '/usr/lib/x86_64-linux-gnu/qt5/plugins/kf5/kio/http.so'
Dec 30 01:31:26 deckard /usr/lib/gdm3/gdm-x-session[2093]: kdeinit5: Got EXEC_NEW '/usr/lib/x86_64-linux-gnu/qt5/plugins/kf5/kio/http.so' from launcher.
Dec 30 01:31:26 deckard /usr/lib/gdm3/gdm-x-session[2093]: kdeinit5: preparing to launch '/usr/lib/x86_64-linux-gnu/qt5/plugins/kf5/kio/http.so'
Dec 30 01:31:36 deckard kernel: [53609.774497] [UFW BLOCK] IN=wlp6s0 OUT= MAC=01:00:5e:00:00:01:20:b0:01:91:0a:ac:08:00 SRC=192.168.1.1 DST=224.0.0.1 LEN=36 TOS=0x00 PREC=0xC0 TTL=1 ID=0 DF PROTO=2 
Dec 30 01:33:05 deckard systemd-resolved[774]: Server returned error NXDOMAIN, mitigating potential DNS violation DVE-2018-0001, retrying transaction with reduced feature level UDP.
Dec 30 01:33:41 deckard kernel: [53734.804722] [UFW BLOCK] IN=wlp6s0 OUT= MAC=01:00:5e:00:00:01:20:b0:01:91:0a:ac:08:00 SRC=192.168.1.1 DST=224.0.0.1 LEN=36 TOS=0x00 PREC=0xC0 TTL=1 ID=0 DF PROTO=2 
Dec 30 01:34:27 deckard /usr/lib/gdm3/gdm-x-session[2093]: kdeinit5: PID 47317 terminated.
Dec 30 01:34:42 deckard wpa_supplicant[887]: wlp6s0: WPA: Group rekeying completed with 20:b0:01:91:0a:ad [GTK=CCMP]
Dec 30 01:35:46 deckard kernel: [53859.733702] [UFW BLOCK] IN=wlp6s0 OUT= MAC=01:00:5e:00:00:01:20:b0:01:91:0a:ac:08:00 SRC=192.168.1.1 DST=224.0.0.1 LEN=36 TOS=0x00 PREC=0xC0 TTL=1 ID=0 DF PROTO=2 
Dec 30 01:35:57 deckard /usr/lib/gdm3/gdm-x-session[2093]: kdeinit5: PID 47321 terminated.
Dec 30 01:37:51 deckard kernel: [53984.764849] [UFW BLOCK] IN=wlp6s0 OUT= MAC=01:00:5e:00:00:01:20:b0:01:91:0a:ac:08:00 SRC=192.168.1.1 DST=224.0.0.1 LEN=36 TOS=0x00 PREC=0xC0 TTL=1 ID=0 DF PROTO=2 
Dec 30 01:38:05 deckard systemd-resolved[774]: Server returned error NXDOMAIN, mitigating potential DNS violation DVE-2018-0001, retrying transaction with reduced feature level UDP.
Dec 30 01:39:56 deckard kernel: [54109.796069] [UFW BLOCK] IN=wlp6s0 OUT= MAC=01:00:5e:00:00:01:20:b0:01:91:0a:ac:08:00 SRC=192.168.1.1 DST=224.0.0.1 LEN=36 TOS=0x00 PREC=0xC0 TTL=1 ID=0 DF PROTO=2 
Dec 30 01:41:25 deckard /usr/lib/gdm3/gdm-x-session[2093]: kdeinit5: Got EXEC_NEW '/usr/lib/x86_64-linux-gnu/qt5/plugins/kf5/kio/http.so' from launcher.
Dec 30 01:41:25 deckard /usr/lib/gdm3/gdm-x-session[2093]: kdeinit5: preparing to launch '/usr/lib/x86_64-linux-gnu/qt5/plugins/kf5/kio/http.so'
Dec 30 01:41:26 deckard /usr/lib/gdm3/gdm-x-session[2093]: kdeinit5: Got EXEC_NEW '/usr/lib/x86_64-linux-gnu/qt5/plugins/kf5/kio/http.so' from launcher.
Dec 30 01:41:26 deckard /usr/lib/gdm3/gdm-x-session[2093]: kdeinit5: preparing to launch '/usr/lib/x86_64-linux-gnu/qt5/plugins/kf5/kio/http.so'
Dec 30 01:41:47 deckard /usr/lib/gdm3/gdm-x-session[2190]: qt.qpa.xcb: QXcbConnection: XCB error: 3 (BadWindow), sequence: 12704, resource id: 37750398, major code: 15 (QueryTree), minor code: 0
Dec 30 01:42:01 deckard kernel: [54234.827341] [UFW BLOCK] IN=wlp6s0 OUT= MAC=01:00:5e:00:00:01:20:b0:01:91:0a:ac:08:00 SRC=192.168.1.1 DST=224.0.0.1 LEN=36 TOS=0x00 PREC=0xC0 TTL=1 ID=0 DF PROTO=2 
Dec 30 01:43:05 deckard systemd-resolved[774]: Server returned error NXDOMAIN, mitigating potential DNS violation DVE-2018-0001, retrying transaction with reduced feature level UDP.
Dec 30 01:44:06 deckard kernel: [54359.756416] [UFW BLOCK] IN=wlp6s0 OUT= MAC=01:00:5e:00:00:01:20:b0:01:91:0a:ac:08:00 SRC=192.168.1.1 DST=224.0.0.1 LEN=36 TOS=0x00 PREC=0xC0 TTL=1 ID=0 DF PROTO=2 
Dec 30 01:44:42 deckard wpa_supplicant[887]: wlp6s0: WPA: Group rekeying completed with 20:b0:01:91:0a:ad [GTK=CCMP]
Dec 30 01:45:56 deckard /usr/lib/gdm3/gdm-x-session[2093]: kdeinit5: PID 47514 terminated.
Dec 30 01:45:57 deckard /usr/lib/gdm3/gdm-x-session[2093]: kdeinit5: PID 47518 terminated.
Dec 30 01:46:11 deckard kernel: [54484.788288] [UFW BLOCK] IN=wlp6s0 OUT= MAC=01:00:5e:00:00:01:20:b0:01:91:0a:ac:08:00 SRC=192.168.1.1 DST=224.0.0.1 LEN=36 TOS=0x00 PREC=0xC0 TTL=1 ID=0 DF PROTO=2 
Dec 30 01:46:25 deckard /usr/lib/gdm3/gdm-x-session[2190]: qt.qpa.xcb: QXcbConnection: XCB error: 3 (BadWindow), sequence: 22044, resource id: 37750412, major code: 15 (QueryTree), minor code: 0
Dec 30 01:48:05 deckard systemd-resolved[774]: Server returned error NXDOMAIN, mitigating potential DNS violation DVE-2018-0001, retrying transaction with reduced feature level UDP.
Dec 30 01:48:16 deckard kernel: [54609.865027] [UFW BLOCK] IN=wlp6s0 OUT= MAC=01:00:5e:00:00:01:20:b0:01:91:0a:ac:08:00 SRC=192.168.1.1 DST=224.0.0.1 LEN=36 TOS=0x00 PREC=0xC0 TTL=1 ID=0 DF PROTO=2 
Dec 30 01:50:21 deckard kernel: [54734.747780] [UFW BLOCK] IN=wlp6s0 OUT= MAC=01:00:5e:00:00:01:20:b0:01:91:0a:ac:08:00 SRC=192.168.1.1 DST=224.0.0.1 LEN=36 TOS=0x00 PREC=0xC0 TTL=1 ID=0 DF PROTO=2 
Dec 30 01:50:52 deckard /usr/lib/gdm3/gdm-x-session[2190]: qt.qpa.xcb: QXcbConnection: XCB error: 3 (BadWindow), sequence: 16070, resource id: 54526149, major code: 3 (GetWindowAttributes), minor code: 0
Dec 30 01:51:25 deckard /usr/lib/gdm3/gdm-x-session[2093]: kdeinit5: Got EXEC_NEW '/usr/lib/x86_64-linux-gnu/qt5/plugins/kf5/kio/http.so' from launcher.
Dec 30 01:51:25 deckard /usr/lib/gdm3/gdm-x-session[2093]: kdeinit5: preparing to launch '/usr/lib/x86_64-linux-gnu/qt5/plugins/kf5/kio/http.so'
Dec 30 01:51:26 deckard /usr/lib/gdm3/gdm-x-session[2093]: kdeinit5: Got EXEC_NEW '/usr/lib/x86_64-linux-gnu/qt5/plugins/kf5/kio/http.so' from launcher.
Dec 30 01:51:26 deckard /usr/lib/gdm3/gdm-x-session[2093]: kdeinit5: preparing to launch '/usr/lib/x86_64-linux-gnu/qt5/plugins/kf5/kio/http.so'
Dec 30 01:52:26 deckard kernel: [54859.778983] [UFW BLOCK] IN=wlp6s0 OUT= MAC=01:00:5e:00:00:01:20:b0:01:91:0a:ac:08:00 SRC=192.168.1.1 DST=224.0.0.1 LEN=36 TOS=0x00 PREC=0xC0 TTL=1 ID=0 DF PROTO=2 
Dec 30 01:53:05 deckard systemd-resolved[774]: Server returned error NXDOMAIN, mitigating potential DNS violation DVE-2018-0001, retrying transaction with reduced feature level UDP.
Dec 30 01:53:34 deckard /usr/lib/gdm3/gdm-x-session[2190]: qt.qpa.xcb: QXcbConnection: XCB error: 3 (BadWindow), sequence: 50806, resource id: 37750440, major code: 19 (DeleteProperty), minor code: 0
Dec 30 01:53:34 deckard /usr/lib/gdm3/gdm-x-session[2190]: qt.qpa.xcb: QXcbConnection: XCB error: 3 (BadWindow), sequence: 50809, resource id: 37750440, major code: 19 (DeleteProperty), minor code: 0
Dec 30 01:53:34 deckard /usr/lib/gdm3/gdm-x-session[2190]: qt.qpa.xcb: QXcbConnection: XCB error: 3 (BadWindow), sequence: 50810, resource id: 37750440, major code: 18 (ChangeProperty), minor code: 0
Dec 30 01:53:34 deckard /usr/lib/gdm3/gdm-x-session[2190]: qt.qpa.xcb: QXcbConnection: XCB error: 3 (BadWindow), sequence: 50811, resource id: 37750440, major code: 19 (DeleteProperty), minor code: 0
Dec 30 01:53:34 deckard /usr/lib/gdm3/gdm-x-session[2190]: qt.qpa.xcb: QXcbConnection: XCB error: 3 (BadWindow), sequence: 50812, resource id: 37750440, major code: 19 (DeleteProperty), minor code: 0
Dec 30 01:53:34 deckard /usr/lib/gdm3/gdm-x-session[2190]: qt.qpa.xcb: QXcbConnection: XCB error: 3 (BadWindow), sequence: 50813, resource id: 37750440, major code: 19 (DeleteProperty), minor code: 0
Dec 30 01:53:34 deckard /usr/lib/gdm3/gdm-x-session[2190]: qt.qpa.xcb: QXcbConnection: XCB error: 3 (BadWindow), sequence: 50814, resource id: 37750440, major code: 7 (ReparentWindow), minor code: 0
Dec 30 01:53:34 deckard /usr/lib/gdm3/gdm-x-session[2190]: qt.qpa.xcb: QXcbConnection: XCB error: 3 (BadWindow), sequence: 50815, resource id: 37750440, major code: 6 (ChangeSaveSet), minor code: 0
Dec 30 01:53:34 deckard /usr/lib/gdm3/gdm-x-session[2190]: qt.qpa.xcb: QXcbConnection: XCB error: 3 (BadWindow), sequence: 50816, resource id: 37750440, major code: 2 (ChangeWindowAttributes), minor code: 0
Dec 30 01:53:34 deckard /usr/lib/gdm3/gdm-x-session[2190]: qt.qpa.xcb: QXcbConnection: XCB error: 3 (BadWindow), sequence: 50817, resource id: 37750440, major code: 10 (UnmapWindow), minor code: 0
Dec 30 01:54:31 deckard kernel: [54984.810126] [UFW BLOCK] IN=wlp6s0 OUT= MAC=01:00:5e:00:00:01:20:b0:01:91:0a:ac:08:00 SRC=192.168.1.1 DST=224.0.0.1 LEN=36 TOS=0x00 PREC=0xC0 TTL=1 ID=0 DF PROTO=2 
Dec 30 01:54:42 deckard wpa_supplicant[887]: wlp6s0: WPA: Group rekeying completed with 20:b0:01:91:0a:ad [GTK=CCMP]
Dec 30 01:54:48 deckard /usr/lib/gdm3/gdm-x-session[2190]: qt.qpa.xcb: QXcbConnection: XCB error: 3 (BadWindow), sequence: 16129, resource id: 31903782, major code: 20 (GetProperty), minor code: 0
Dec 30 01:55:56 deckard /usr/lib/gdm3/gdm-x-session[2093]: kdeinit5: PID 48215 terminated.
Dec 30 01:55:57 deckard /usr/lib/gdm3/gdm-x-session[2093]: kdeinit5: PID 48226 terminated.
Dec 30 01:56:36 deckard kernel: [55109.741216] [UFW BLOCK] IN=wlp6s0 OUT= MAC=01:00:5e:00:00:01:20:b0:01:91:0a:ac:08:00 SRC=192.168.1.1 DST=224.0.0.1 LEN=36 TOS=0x00 PREC=0xC0 TTL=1 ID=0 DF PROTO=2 
Dec 30 01:58:05 deckard systemd-resolved[774]: Server returned error NXDOMAIN, mitigating potential DNS violation DVE-2018-0001, retrying transaction with reduced feature level UDP.
Dec 30 01:59:45 deckard /usr/lib/gdm3/gdm-x-session[2190]: qt.qpa.xcb: QXcbConnection: XCB error: 3 (BadWindow), sequence: 26350, resource id: 52428826, major code: 18 (ChangeProperty), minor code: 0
Dec 30 01:59:45 deckard /usr/lib/gdm3/gdm-x-session[2093]: kdeinit5: Got EXEC_NEW '/usr/lib/x86_64-linux-gnu/qt5/plugins/kf5/kio/http.so' from launcher.
Dec 30 01:59:45 deckard /usr/lib/gdm3/gdm-x-session[2093]: kdeinit5: preparing to launch '/usr/lib/x86_64-linux-gnu/qt5/plugins/kf5/kio/http.so'
Dec 30 01:59:45 deckard /usr/lib/gdm3/gdm-x-session[2093]: kdeinit5: Got EXEC_NEW '/usr/lib/x86_64-linux-gnu/qt5/plugins/kf5/kio/http.so' from launcher.
Dec 30 01:59:45 deckard /usr/lib/gdm3/gdm-x-session[2093]: kdeinit5: preparing to launch '/usr/lib/x86_64-linux-gnu/qt5/plugins/kf5/kio/http.so'
Dec 30 01:59:45 deckard /usr/lib/gdm3/gdm-x-session[2093]: kdeinit5: Got EXEC_NEW '/usr/lib/x86_64-linux-gnu/qt5/plugins/kf5/kio/http.so' from launcher.
Dec 30 01:59:45 deckard /usr/lib/gdm3/gdm-x-session[2093]: kdeinit5: preparing to launch '/usr/lib/x86_64-linux-gnu/qt5/plugins/kf5/kio/http.so'
Dec 30 01:59:46 deckard /usr/lib/gdm3/gdm-x-session[2190]: qt.qpa.xcb: QXcbConnection: XCB error: 3 (BadWindow), sequence: 26773, resource id: 10485782, major code: 18 (ChangeProperty), minor code: 0
Dec 30 02:00:46 deckard kernel: [55359.804279] [UFW BLOCK] IN=wlp6s0 OUT= MAC=01:00:5e:00:00:01:20:b0:01:91:0a:ac:08:00 SRC=192.168.1.1 DST=224.0.0.1 LEN=36 TOS=0x00 PREC=0xC0 TTL=1 ID=0 DF PROTO=2 
Dec 30 02:01:25 deckard /usr/lib/gdm3/gdm-x-session[2093]: kdeinit5: Got EXEC_NEW '/usr/lib/x86_64-linux-gnu/qt5/plugins/kf5/kio/http.so' from launcher.
Dec 30 02:01:25 deckard /usr/lib/gdm3/gdm-x-session[2093]: kdeinit5: preparing to launch '/usr/lib/x86_64-linux-gnu/qt5/plugins/kf5/kio/http.so'
Dec 30 02:01:26 deckard /usr/lib/gdm3/gdm-x-session[2093]: kdeinit5: Got EXEC_NEW '/usr/lib/x86_64-linux-gnu/qt5/plugins/kf5/kio/http.so' from launcher.
Dec 30 02:01:26 deckard /usr/lib/gdm3/gdm-x-session[2093]: kdeinit5: preparing to launch '/usr/lib/x86_64-linux-gnu/qt5/plugins/kf5/kio/http.so'
Dec 30 02:02:46 deckard /usr/lib/gdm3/gdm-x-session[2093]: kdeinit5: PID 48978 terminated.
Dec 30 02:02:46 deckard /usr/lib/gdm3/gdm-x-session[2093]: kdeinit5: PID 48976 terminated.
Dec 30 02:02:46 deckard /usr/lib/gdm3/gdm-x-session[2093]: kdeinit5: PID 48975 terminated.
Dec 30 02:02:51 deckard kernel: [55484.834839] [UFW BLOCK] IN=wlp6s0 OUT= MAC=01:00:5e:00:00:01:20:b0:01:91:0a:ac:08:00 SRC=192.168.1.1 DST=224.0.0.1 LEN=36 TOS=0x00 PREC=0xC0 TTL=1 ID=0 DF PROTO=2 
Dec 30 02:03:05 deckard systemd-resolved[774]: Server returned error NXDOMAIN, mitigating potential DNS violation DVE-2018-0001, retrying transaction with reduced feature level UDP.
Dec 30 02:03:31 deckard /usr/lib/gdm3/gdm-x-session[2190]: qt.qpa.xcb: QXcbConnection: XCB error: 3 (BadWindow), sequence: 6868, resource id: 37750502, major code: 15 (QueryTree), minor code: 0
Dec 30 02:04:42 deckard wpa_supplicant[887]: wlp6s0: WPA: Group rekeying completed with 20:b0:01:91:0a:ad [GTK=CCMP]
Dec 30 02:04:56 deckard kernel: [55609.763873] [UFW BLOCK] IN=wlp6s0 OUT= MAC=01:00:5e:00:00:01:20:b0:01:91:0a:ac:08:00 SRC=192.168.1.1 DST=224.0.0.1 LEN=36 TOS=0x00 PREC=0xC0 TTL=1 ID=0 DF PROTO=2 
Dec 30 02:05:02 deckard /usr/lib/gdm3/gdm-x-session[2093]: kdeinit5: Got EXEC_NEW '/usr/lib/x86_64-linux-gnu/qt5/plugins/kf5/kio/http.so' from launcher.
Dec 30 02:05:02 deckard /usr/lib/gdm3/gdm-x-session[2093]: kdeinit5: preparing to launch '/usr/lib/x86_64-linux-gnu/qt5/plugins/kf5/kio/http.so'
Dec 30 02:05:02 deckard /usr/lib/gdm3/gdm-x-session[2093]: kdeinit5: Got EXEC_NEW '/usr/lib/x86_64-linux-gnu/qt5/plugins/kf5/kio/http.so' from launcher.
Dec 30 02:05:02 deckard /usr/lib/gdm3/gdm-x-session[2093]: kdeinit5: preparing to launch '/usr/lib/x86_64-linux-gnu/qt5/plugins/kf5/kio/http.so'
Dec 30 02:05:04 deckard /usr/lib/gdm3/gdm-x-session[2190]: qt.qpa.xcb: QXcbConnection: XCB error: 3 (BadWindow), sequence: 17482, resource id: 54525953, major code: 15 (QueryTree), minor code: 0
Dec 30 02:05:04 deckard /usr/lib/gdm3/gdm-x-session[2190]: qt.qpa.xcb: QXcbConnection: XCB error: 3 (BadWindow), sequence: 17486, resource id: 54525953, major code: 18 (ChangeProperty), minor code: 0
Dec 30 02:05:22 deckard /usr/lib/gdm3/gdm-x-session[5721]: [5751:5751:1230/020522.036586:ERROR:shared_image_manager.cc(214)] SharedImageManager::ProduceSkia: Trying to Produce a Skia representation from a non-existent mailbox.
Dec 30 02:05:22 deckard /usr/lib/gdm3/gdm-x-session[5721]: [5751:5751:1230/020522.038908:ERROR:shared_image_manager.cc(214)] SharedImageManager::ProduceSkia: Trying to Produce a Skia representation from a non-existent mailbox.
Dec 30 02:05:56 deckard /usr/lib/gdm3/gdm-x-session[2093]: kdeinit5: PID 49055 terminated.
Dec 30 02:05:57 deckard /usr/lib/gdm3/gdm-x-session[2093]: kdeinit5: PID 49059 terminated.
Dec 30 02:07:01 deckard kernel: [55734.794739] [UFW BLOCK] IN=wlp6s0 OUT= MAC=01:00:5e:00:00:01:20:b0:01:91:0a:ac:08:00 SRC=192.168.1.1 DST=224.0.0.1 LEN=36 TOS=0x00 PREC=0xC0 TTL=1 ID=0 DF PROTO=2 
Dec 30 02:07:21 deckard /usr/lib/gdm3/gdm-x-session[2093]: kdeinit5: Got EXEC_NEW '/usr/lib/x86_64-linux-gnu/qt5/plugins/kf5/kio/http.so' from launcher.
Dec 30 02:07:21 deckard /usr/lib/gdm3/gdm-x-session[2093]: kdeinit5: preparing to launch '/usr/lib/x86_64-linux-gnu/qt5/plugins/kf5/kio/http.so'
Dec 30 02:07:24 deckard /usr/lib/gdm3/gdm-x-session[2190]: qt.qpa.xcb: QXcbConnection: XCB error: 3 (BadWindow), sequence: 53887, resource id: 96469408, major code: 18 (ChangeProperty), minor code: 0
Dec 30 02:07:24 deckard /usr/lib/gdm3/gdm-x-session[2190]: qt.qpa.xcb: QXcbConnection: XCB error: 3 (BadWindow), sequence: 53917, resource id: 10485783, major code: 18 (ChangeProperty), minor code: 0
Dec 30 02:07:32 deckard /usr/lib/gdm3/gdm-x-session[2190]: qt.qpa.xcb: QXcbConnection: XCB error: 3 (BadWindow), sequence: 56650, resource id: 98566147, major code: 15 (QueryTree), minor code: 0
Dec 30 02:07:32 deckard /usr/lib/gdm3/gdm-x-session[2190]: qt.qpa.xcb: QXcbConnection: XCB error: 3 (BadWindow), sequence: 56655, resource id: 98566147, major code: 18 (ChangeProperty), minor code: 0
Dec 30 02:08:05 deckard systemd-resolved[774]: Server returned error NXDOMAIN, mitigating potential DNS violation DVE-2018-0001, retrying transaction with reduced feature level UDP.
Dec 30 02:09:06 deckard kernel: [55859.836339] [UFW BLOCK] IN=wlp6s0 OUT= MAC=01:00:5e:00:00:01:20:b0:01:91:0a:ac:08:00 SRC=192.168.1.1 DST=224.0.0.1 LEN=36 TOS=0x00 PREC=0xC0 TTL=1 ID=0 DF PROTO=2 
Dec 30 02:11:03 deckard /usr/lib/gdm3/gdm-x-session[2093]: kdeinit5: PID 49387 terminated.
Dec 30 02:11:03 deckard /usr/lib/gdm3/gdm-x-session[2093]: kdeinit5: PID 49154 terminated.
Dec 30 02:11:03 deckard /usr/lib/gdm3/gdm-x-session[2093]: kdeinit5: PID 49153 terminated.
Dec 30 02:11:11 deckard kernel: [55984.754053] [UFW BLOCK] IN=wlp6s0 OUT= MAC=01:00:5e:00:00:01:20:b0:01:91:0a:ac:08:00 SRC=192.168.1.1 DST=224.0.0.1 LEN=36 TOS=0x00 PREC=0xC0 TTL=1 ID=0 DF PROTO=2 
Dec 30 02:11:25 deckard /usr/lib/gdm3/gdm-x-session[2093]: kdeinit5: Got EXEC_NEW '/usr/lib/x86_64-linux-gnu/qt5/plugins/kf5/kio/http.so' from launcher.
Dec 30 02:11:25 deckard /usr/lib/gdm3/gdm-x-session[2093]: kdeinit5: preparing to launch '/usr/lib/x86_64-linux-gnu/qt5/plugins/kf5/kio/http.so'
Dec 30 02:11:25 deckard /usr/lib/gdm3/gdm-x-session[2093]: kdeinit5: Got EXEC_NEW '/usr/lib/x86_64-linux-gnu/qt5/plugins/kf5/kio/http.so' from launcher.
Dec 30 02:11:25 deckard /usr/lib/gdm3/gdm-x-session[2093]: kdeinit5: preparing to launch '/usr/lib/x86_64-linux-gnu/qt5/plugins/kf5/kio/http.so'
Dec 30 02:13:05 deckard systemd-resolved[774]: Server returned error NXDOMAIN, mitigating potential DNS violation DVE-2018-0001, retrying transaction with reduced feature level UDP.
Dec 30 02:13:16 deckard kernel: [56109.784609] [UFW BLOCK] IN=wlp6s0 OUT= MAC=01:00:5e:00:00:01:20:b0:01:91:0a:ac:08:00 SRC=192.168.1.1 DST=224.0.0.1 LEN=36 TOS=0x00 PREC=0xC0 TTL=1 ID=0 DF PROTO=2 
Dec 30 02:14:03 deckard /usr/lib/gdm3/gdm-x-session[5721]: [5755:5759:1230/021403.052568:ERROR:ssl_client_socket_impl.cc(960)] handshake failed; returned -1, SSL error code 1, net_error -200
Dec 30 02:14:24 deckard /usr/lib/gdm3/gdm-x-session[5721]: [5751:5751:1230/021424.898343:ERROR:shared_image_manager.cc(214)] SharedImageManager::ProduceSkia: Trying to Produce a Skia representation from a non-existent mailbox.
Dec 30 02:14:24 deckard /usr/lib/gdm3/gdm-x-session[5721]: [5751:5751:1230/021424.898979:ERROR:shared_image_manager.cc(214)] SharedImageManager::ProduceSkia: Trying to Produce a Skia representation from a non-existent mailbox.
Dec 30 02:14:42 deckard wpa_supplicant[887]: wlp6s0: WPA: Group rekeying completed with 20:b0:01:91:0a:ad [GTK=CCMP]
Dec 30 02:15:00 deckard /usr/lib/gdm3/gdm-x-session[2198]: libkcups: Renew-Subscription last error: 0 successful-ok
Dec 30 02:15:21 deckard kernel: [56234.815572] [UFW BLOCK] IN=wlp6s0 OUT= MAC=01:00:5e:00:00:01:20:b0:01:91:0a:ac:08:00 SRC=192.168.1.1 DST=224.0.0.1 LEN=36 TOS=0x00 PREC=0xC0 TTL=1 ID=0 DF PROTO=2 
Dec 30 02:15:55 deckard /usr/lib/gdm3/gdm-x-session[2093]: kdeinit5: PID 49558 terminated.
Dec 30 02:15:56 deckard /usr/lib/gdm3/gdm-x-session[2093]: kdeinit5: PID 49562 terminated.
Dec 30 02:17:01 deckard CRON[50017]: (root) CMD (   cd / && run-parts --report /etc/cron.hourly)
Dec 30 02:17:47 deckard wpa_supplicant[887]: wlp6s0: CTRL-EVENT-BEACON-LOSS 
Dec 30 02:17:48 deckard wpa_supplicant[887]: wlp6s0: CTRL-EVENT-DISCONNECTED bssid=20:b0:01:91:0a:ad reason=4 locally_generated=1
Dec 30 02:17:48 deckard NetworkManager[851]: <warn>  [1609305468.0961] sup-iface[0x5561493f1900,wlp6s0]: connection disconnected (reason -4)
Dec 30 02:17:48 deckard wpa_supplicant[887]: wlp6s0: CTRL-EVENT-REGDOM-CHANGE init=CORE type=WORLD
Dec 30 02:17:48 deckard NetworkManager[851]: <info>  [1609305468.1015] device (wlp6s0): supplicant interface state: completed -> disconnected
Dec 30 02:17:48 deckard NetworkManager[851]: <info>  [1609305468.1016] device (p2p-dev-wlp6s0): supplicant management interface state: completed -> disconnected
Dec 30 02:17:48 deckard NetworkManager[851]: <info>  [1609305468.2021] device (wlp6s0): supplicant interface state: disconnected -> scanning
Dec 30 02:17:48 deckard NetworkManager[851]: <info>  [1609305468.2021] device (p2p-dev-wlp6s0): supplicant management interface state: disconnected -> scanning
Dec 30 02:17:48 deckard /usr/lib/gdm3/gdm-x-session[5721]: [5715:5736:1230/021748.491932:ERROR:connection_factory_impl.cc(428)] Failed to connect to MCS endpoint with error -106
Dec 30 02:17:49 deckard wpa_supplicant[887]: wlp6s0: SME: Trying to authenticate with 20:b0:01:91:0a:ad (SSID='LIVE TIM_TAMASHIRO' freq=2462 MHz)
Dec 30 02:17:49 deckard kernel: [56382.799893] wlp6s0: authenticate with 20:b0:01:91:0a:ad
Dec 30 02:17:49 deckard kernel: [56382.817804] wlp6s0: send auth to 20:b0:01:91:0a:ad (try 1/3)
Dec 30 02:17:49 deckard NetworkManager[851]: <info>  [1609305469.1625] device (wlp6s0): supplicant interface state: scanning -> authenticating
Dec 30 02:17:49 deckard NetworkManager[851]: <info>  [1609305469.1628] device (p2p-dev-wlp6s0): supplicant management interface state: scanning -> authenticating
Dec 30 02:17:49 deckard kernel: [56382.891565] wlp6s0: send auth to 20:b0:01:91:0a:ad (try 2/3)
Dec 30 02:17:49 deckard kernel: [56382.968618] wlp6s0: send auth to 20:b0:01:91:0a:ad (try 3/3)
Dec 30 02:17:49 deckard kernel: [56383.019148] wlp6s0: authentication with 20:b0:01:91:0a:ad timed out
Dec 30 02:17:49 deckard NetworkManager[851]: <info>  [1609305469.4053] device (wlp6s0): supplicant interface state: authenticating -> disconnected
Dec 30 02:17:49 deckard NetworkManager[851]: <info>  [1609305469.4053] device (p2p-dev-wlp6s0): supplicant management interface state: authenticating -> disconnected
Dec 30 02:17:49 deckard NetworkManager[851]: <info>  [1609305469.9101] device (wlp6s0): supplicant interface state: disconnected -> scanning
Dec 30 02:17:49 deckard NetworkManager[851]: <info>  [1609305469.9101] device (p2p-dev-wlp6s0): supplicant management interface state: disconnected -> scanning
Dec 30 02:17:50 deckard wpa_supplicant[887]: wlp6s0: SME: Trying to authenticate with 20:b0:01:91:0a:ad (SSID='LIVE TIM_TAMASHIRO' freq=2462 MHz)
Dec 30 02:17:50 deckard kernel: [56384.505337] wlp6s0: authenticate with 20:b0:01:91:0a:ad
Dec 30 02:17:50 deckard NetworkManager[851]: <info>  [1609305470.8631] device (wlp6s0): supplicant interface state: scanning -> authenticating
Dec 30 02:17:50 deckard NetworkManager[851]: <info>  [1609305470.8632] device (p2p-dev-wlp6s0): supplicant management interface state: scanning -> authenticating
Dec 30 02:17:50 deckard kernel: [56384.520072] wlp6s0: send auth to 20:b0:01:91:0a:ad (try 1/3)
Dec 30 02:17:50 deckard kernel: [56384.525211] wlp6s0: authenticated
Dec 30 02:17:50 deckard kernel: [56384.525735] wlp6s0: associate with 20:b0:01:91:0a:ad (try 1/3)
Dec 30 02:17:50 deckard wpa_supplicant[887]: wlp6s0: Trying to associate with 20:b0:01:91:0a:ad (SSID='LIVE TIM_TAMASHIRO' freq=2462 MHz)
Dec 30 02:17:50 deckard NetworkManager[851]: <info>  [1609305470.8685] device (wlp6s0): supplicant interface state: authenticating -> associating
Dec 30 02:17:50 deckard NetworkManager[851]: <info>  [1609305470.8686] device (p2p-dev-wlp6s0): supplicant management interface state: authenticating -> associating
Dec 30 02:17:50 deckard wpa_supplicant[887]: wlp6s0: Associated with 20:b0:01:91:0a:ad
Dec 30 02:17:50 deckard wpa_supplicant[887]: wlp6s0: CTRL-EVENT-SUBNET-STATUS-UPDATE status=0
Dec 30 02:17:50 deckard kernel: [56384.531846] wlp6s0: RX AssocResp from 20:b0:01:91:0a:ad (capab=0x1411 status=0 aid=2)
Dec 30 02:17:50 deckard kernel: [56384.531932] wlp6s0: associated
Dec 30 02:17:50 deckard NetworkManager[851]: <info>  [1609305470.8808] device (wlp6s0): supplicant interface state: associating -> associated
Dec 30 02:17:50 deckard NetworkManager[851]: <info>  [1609305470.8809] device (p2p-dev-wlp6s0): supplicant management interface state: associating -> associated
Dec 30 02:17:50 deckard NetworkManager[851]: <info>  [1609305470.8963] device (wlp6s0): supplicant interface state: associated -> 4-way handshake
Dec 30 02:17:50 deckard NetworkManager[851]: <info>  [1609305470.8963] device (p2p-dev-wlp6s0): supplicant management interface state: associated -> 4-way handshake
Dec 30 02:17:50 deckard wpa_supplicant[887]: wlp6s0: WPA: Key negotiation completed with 20:b0:01:91:0a:ad [PTK=CCMP GTK=CCMP]
Dec 30 02:17:50 deckard wpa_supplicant[887]: wlp6s0: CTRL-EVENT-CONNECTED - Connection to 20:b0:01:91:0a:ad completed [id=0 id_str=]
Dec 30 02:17:50 deckard NetworkManager[851]: <info>  [1609305470.9124] device (wlp6s0): supplicant interface state: 4-way handshake -> completed
Dec 30 02:17:50 deckard NetworkManager[851]: <info>  [1609305470.9130] device (p2p-dev-wlp6s0): supplicant management interface state: 4-way handshake -> completed
Dec 30 02:17:51 deckard wpa_supplicant[887]: wlp6s0: CTRL-EVENT-SIGNAL-CHANGE above=1 signal=-55 noise=-95 txrate=58500
Dec 30 02:17:53 deckard systemd-resolved[774]: Server returned error NXDOMAIN, mitigating potential DNS violation DVE-2018-0001, retrying transaction with reduced feature level UDP.
Dec 30 02:19:31 deckard kernel: [56484.775813] [UFW BLOCK] IN=wlp6s0 OUT= MAC=01:00:5e:00:00:01:20:b0:01:91:0a:ac:08:00 SRC=192.168.1.1 DST=224.0.0.1 LEN=36 TOS=0x00 PREC=0xC0 TTL=1 ID=0 DF PROTO=2 
Dec 30 02:18:05 deckard systemd-resolved[774]: message repeated 3 times: [ Server returned error NXDOMAIN, mitigating potential DNS violation DVE-2018-0001, retrying transaction with reduced feature level UDP.]
Dec 30 02:21:25 deckard /usr/lib/gdm3/gdm-x-session[2093]: kdeinit5: Got EXEC_NEW '/usr/lib/x86_64-linux-gnu/qt5/plugins/kf5/kio/http.so' from launcher.
Dec 30 02:21:25 deckard /usr/lib/gdm3/gdm-x-session[2093]: kdeinit5: preparing to launch '/usr/lib/x86_64-linux-gnu/qt5/plugins/kf5/kio/http.so'
Dec 30 02:21:25 deckard /usr/lib/gdm3/gdm-x-session[2093]: kdeinit5: Got EXEC_NEW '/usr/lib/x86_64-linux-gnu/qt5/plugins/kf5/kio/http.so' from launcher.
Dec 30 02:21:25 deckard /usr/lib/gdm3/gdm-x-session[2093]: kdeinit5: preparing to launch '/usr/lib/x86_64-linux-gnu/qt5/plugins/kf5/kio/http.so'
Dec 30 02:21:36 deckard kernel: [56609.807039] [UFW BLOCK] IN=wlp6s0 OUT= MAC=01:00:5e:00:00:01:20:b0:01:91:0a:ac:08:00 SRC=192.168.1.1 DST=224.0.0.1 LEN=36 TOS=0x00 PREC=0xC0 TTL=1 ID=0 DF PROTO=2 
Dec 30 02:22:42 deckard /usr/lib/gdm3/gdm-x-session[2190]: qt.qpa.xcb: QXcbConnection: XCB error: 3 (BadWindow), sequence: 58237, resource id: 90177540, major code: 15 (QueryTree), minor code: 0
Dec 30 02:22:42 deckard /usr/lib/gdm3/gdm-x-session[2190]: qt.qpa.xcb: QXcbConnection: XCB error: 3 (BadWindow), sequence: 58508, resource id: 37750559, major code: 18 (ChangeProperty), minor code: 0
Dec 30 02:22:44 deckard /usr/lib/gdm3/gdm-x-session[2190]: qt.qpa.xcb: QXcbConnection: XCB error: 3 (BadWindow), sequence: 59423, resource id: 37750546, major code: 15 (QueryTree), minor code: 0
Dec 30 02:22:49 deckard /usr/lib/gdm3/gdm-x-session[2198]: qml: applet destroyed
Dec 30 02:22:53 deckard dbus-daemon[1894]: [session uid=1000 pid=1894] Activating service name='org.kde.LogoutPrompt' requested by ':1.36' (uid=1000 pid=2163 comm="/usr/bin/ksmserver " label="unconfined")
Dec 30 02:22:54 deckard dbus-daemon[1894]: [session uid=1000 pid=1894] Successfully activated service 'org.kde.LogoutPrompt'
Dec 30 02:22:57 deckard org.kde.LogoutPrompt[50320]: file:///usr/share/plasma/look-and-feel/org.kde.breeze.desktop/contents/components/UserDelegate.qml:41: ReferenceError: config is not defined
Dec 30 02:22:57 deckard org.kde.LogoutPrompt[50320]: file:///usr/share/plasma/look-and-feel/org.kde.breeze.desktop/contents/components/UserDelegate.qml:34: ReferenceError: model is not defined
Dec 30 02:22:57 deckard org.kde.LogoutPrompt[50320]: file:///usr/share/plasma/look-and-feel/org.kde.breeze.desktop/contents/components/ActionButton.qml: ReferenceError: config is not defined
Dec 30 02:22:57 deckard org.kde.LogoutPrompt[50320]: file:///usr/share/plasma/look-and-feel/org.kde.breeze.desktop/contents/components/ActionButton.qml: ReferenceError: config is not defined
Dec 30 02:22:57 deckard org.kde.LogoutPrompt[50320]: file:///usr/share/plasma/look-and-feel/org.kde.breeze.desktop/contents/components/ActionButton.qml:33: ReferenceError: config is not defined
Dec 30 02:22:57 deckard org.kde.LogoutPrompt[50320]: message repeated 2 times: [ file:///usr/share/plasma/look-and-feel/org.kde.breeze.desktop/contents/components/ActionButton.qml:33: ReferenceError: config is not defined]
Dec 30 02:22:57 deckard org.kde.LogoutPrompt[50320]: file:///usr/share/plasma/look-and-feel/org.kde.breeze.desktop/contents/components/ActionButton.qml: ReferenceError: config is not defined
Dec 30 02:22:57 deckard org.kde.LogoutPrompt[50320]: message repeated 4 times: [ file:///usr/share/plasma/look-and-feel/org.kde.breeze.desktop/contents/components/ActionButton.qml: ReferenceError: config is not defined]
Dec 30 02:22:57 deckard org.kde.LogoutPrompt[50320]: file:///usr/share/plasma/look-and-feel/org.kde.breeze.desktop/contents/components/UserDelegate.qml:41: ReferenceError: config is not defined
Dec 30 02:22:57 deckard org.kde.LogoutPrompt[50320]: file:///usr/share/plasma/look-and-feel/org.kde.breeze.desktop/contents/components/UserDelegate.qml:34: ReferenceError: model is not defined
Dec 30 02:22:57 deckard org.kde.LogoutPrompt[50320]: file:///usr/share/plasma/look-and-feel/org.kde.breeze.desktop/contents/components/UserDelegate.qml:41: ReferenceError: config is not defined
Dec 30 02:22:57 deckard org.kde.LogoutPrompt[50320]: file:///usr/share/plasma/look-and-feel/org.kde.breeze.desktop/contents/components/UserDelegate.qml:34: ReferenceError: model is not defined
Dec 30 02:22:57 deckard org.kde.LogoutPrompt[50320]: file:///usr/share/plasma/look-and-feel/org.kde.breeze.desktop/contents/components/ActionButton.qml: ReferenceError: config is not defined
Dec 30 02:22:57 deckard org.kde.LogoutPrompt[50320]: message repeated 4 times: [ file:///usr/share/plasma/look-and-feel/org.kde.breeze.desktop/contents/components/ActionButton.qml: ReferenceError: config is not defined]
Dec 30 02:22:57 deckard /usr/lib/gdm3/gdm-x-session[2190]: qt.qpa.xcb: QXcbConnection: XCB error: 3 (BadWindow), sequence: 62627, resource id: 31983772, major code: 3 (GetWindowAttributes), minor code: 0
Dec 30 02:22:57 deckard /usr/lib/gdm3/gdm-x-session[2190]: qt.qpa.xcb: QXcbConnection: XCB error: 9 (BadDrawable), sequence: 62628, resource id: 31983772, major code: 14 (GetGeometry), minor code: 0
Dec 30 02:22:57 deckard /usr/lib/gdm3/gdm-x-session[2190]: qt.qpa.xcb: QXcbConnection: XCB error: 3 (BadWindow), sequence: 62691, resource id: 31983777, major code: 3 (GetWindowAttributes), minor code: 0
Dec 30 02:22:57 deckard /usr/lib/gdm3/gdm-x-session[2190]: qt.qpa.xcb: QXcbConnection: XCB error: 9 (BadDrawable), sequence: 62692, resource id: 31983777, major code: 14 (GetGeometry), minor code: 0
Dec 30 02:23:00 deckard /usr/lib/gdm3/gdm-x-session[2190]: qt.qpa.xcb: QXcbConnection: XCB error: 3 (BadWindow), sequence: 63833, resource id: 52428851, major code: 18 (ChangeProperty), minor code: 0
Dec 30 02:23:01 deckard /usr/lib/gdm3/gdm-x-session[2190]: qt.qpa.xcb: QXcbConnection: XCB error: 3 (BadWindow), sequence: 63948, resource id: 41943046, major code: 18 (ChangeProperty), minor code: 0
Dec 30 02:23:01 deckard /usr/lib/gdm3/gdm-x-session[2190]: qt.qpa.xcb: QXcbConnection: XCB error: 3 (BadWindow), sequence: 63952, resource id: 44040197, major code: 18 (ChangeProperty), minor code: 0
Dec 30 02:23:01 deckard /usr/lib/gdm3/gdm-x-session[2231]: powerdevil: Core unloading
Dec 30 02:23:01 deckard /usr/lib/gdm3/gdm-x-session[2192]: Destroying listener
Dec 30 02:23:01 deckard /usr/lib/gdm3/gdm-x-session[2192]: Removing listener  PolkitQt1::Agent::Listener(0x7f50f8013b30)
Dec 30 02:23:01 deckard /usr/lib/gdm3/gdm-x-session[2190]: qt.qpa.xcb: QXcbConnection: XCB error: 3 (BadWindow), sequence: 63956, resource id: 33554458, major code: 18 (ChangeProperty), minor code: 0
Dec 30 02:23:01 deckard /usr/lib/gdm3/gdm-x-session[2098]: Service  ":1.44" unregistered
Dec 30 02:23:01 deckard /usr/lib/gdm3/gdm-x-session[2190]: qt.qpa.xcb: QXcbConnection: XCB error: 3 (BadWindow), sequence: 63961, resource id: 48234520, major code: 18 (ChangeProperty), minor code: 0
Dec 30 02:23:01 deckard /usr/lib/gdm3/gdm-x-session[2190]: qt.qpa.xcb: QXcbConnection: XCB error: 3 (BadWindow), sequence: 63965, resource id: 39845893, major code: 18 (ChangeProperty), minor code: 0
Dec 30 02:23:01 deckard /usr/lib/gdm3/gdm-x-session[2190]: qt.qpa.xcb: QXcbConnection: XCB error: 3 (BadWindow), sequence: 63969, resource id: 35651589, major code: 18 (ChangeProperty), minor code: 0
Dec 30 02:23:02 deckard /usr/lib/gdm3/gdm-x-session[2198]: trying to show an empty dialog
Dec 30 02:23:02 deckard /usr/lib/gdm3/gdm-x-session[2198]: trying to show an empty dialog
Dec 30 02:23:02 deckard /usr/lib/gdm3/gdm-x-session[2198]: QQmlExpression: Attempted to evaluate an expression in an invalid context
Dec 30 02:23:02 deckard /usr/lib/gdm3/gdm-x-session[2198]: QQmlExpression: Attempted to evaluate an expression in an invalid context
Dec 30 02:23:04 deckard /usr/lib/gdm3/gdm-x-session[2098]: Service  "org.kde.StatusNotifierHost-2198" unregistered
Dec 30 02:23:04 deckard dbus-daemon[1894]: [session uid=1000 pid=1894] Activating service name='org.kde.kdeconnect' requested by ':1.40' (uid=1000 pid=2198 comm="/usr/bin/plasmashell " label="unconfined")
Dec 30 02:23:04 deckard org.kde.kdeconnect[50336]: kdeconnect.core: Daemon starting
Dec 30 02:23:04 deckard org.kde.kdeconnect[50336]: kdeconnect.core: LanLinkProvider started
Dec 30 02:23:04 deckard dbus-daemon[1894]: [session uid=1000 pid=1894] Successfully activated service 'org.kde.kdeconnect'
Dec 30 02:23:04 deckard org.kde.kdeconnect[50336]: kdeconnect.core: Daemon started
Dec 30 02:23:04 deckard org.kde.kdeconnect[50336]: kdeconnect.core: Broadcasting identity packet
Dec 30 02:23:05 deckard /usr/lib/gdm3/gdm-x-session[2198]: file:///usr/share/plasma/plasmoids/org.kde.plasma.notifications/contents/ui/global/Globals.qml:77:5: Unable to assign [undefined] to QObject*
Dec 30 02:23:05 deckard /usr/lib/gdm3/gdm-x-session[2198]: file:///usr/share/plasma/plasmoids/org.kde.plasma.notifications/contents/ui/global/Globals.qml:132: TypeError: Type error
Dec 30 02:23:05 deckard systemd-resolved[774]: Server returned error NXDOMAIN, mitigating potential DNS violation DVE-2018-0001, retrying transaction with reduced feature level UDP.
Dec 30 02:23:05 deckard /usr/lib/gdm3/gdm-x-session[2198]: libkcups: Cancel-Subscription last error: 0 successful-ok
Dec 30 02:23:06 deckard /usr/lib/gdm3/gdm-x-session[2198]: libkcups: Create-Printer-Subscriptions last error: 0 successful-ok
Dec 30 02:23:06 deckard /usr/lib/gdm3/gdm-x-session[2198]: libkcups: Cancel-Subscription last error: 0 successful-ok
Dec 30 02:23:07 deckard /usr/lib/gdm3/gdm-x-session[2198]: file:///usr/share/plasma/shells/org.kde.plasma.desktop/contents/applet/CompactApplet.qml:61: TypeError: Cannot read property 'Layout' of null
Dec 30 02:23:07 deckard /usr/lib/gdm3/gdm-x-session[2198]: file:///usr/share/plasma/shells/org.kde.plasma.desktop/contents/applet/CompactApplet.qml:79: TypeError: Cannot read property 'Layout' of null
Dec 30 02:23:08 deckard /usr/lib/gdm3/gdm-x-session[2093]: kdeinit5: PID 50232 terminated.
Dec 30 02:23:08 deckard /usr/lib/gdm3/gdm-x-session[2093]: kdeinit5: PID 50237 terminated.
Dec 30 02:23:08 deckard org.kde.kdeconnect[50336]: kdeconnect.core: Could not query capabilities from notifications server
Dec 30 02:23:11 deckard systemd[1]: unattended-upgrades.service: Succeeded.
Dec 30 02:23:11 deckard /usr/lib/gdm3/gdm-x-session[2098]: The X11 connection broke (error 1). Did the X11 server die?
Dec 30 02:23:11 deckard systemd[1]: Stopping Session 2 of user renan.
Dec 30 02:23:11 deckard systemd[1]: Removed slice system-getty.slice.
Dec 30 10:15:54 deckard systemd[1]: Mounted Huge Pages File System.
Dec 30 10:15:54 deckard kernel: [    0.000000] microcode: microcode updated early to revision 0x2f, date = 2019-11-12
Dec 30 10:15:54 deckard systemd[1]: Mounted POSIX Message Queue File System.
Dec 30 10:15:54 deckard kernel: [    0.000000] Linux version 5.4.0-58-generic (buildd@lcy01-amd64-004) (gcc version 9.3.0 (Ubuntu 9.3.0-17ubuntu1~20.04)) #64-Ubuntu SMP Wed Dec 9 08:16:25 UTC 2020 (Ubuntu 5.4.0-58.64-generic 5.4.73)
Dec 30 10:15:54 deckard systemd[1]: Mounted Kernel Debug File System.
Dec 30 10:15:54 deckard kernel: [    0.000000] Command line: BOOT_IMAGE=/boot/vmlinuz-5.4.0-58-generic root=UUID=9c0f157a-2f72-4138-8b64-d98e1429164a ro quiet splash vt.handoff=7
Dec 30 10:15:54 deckard kernel: [    0.000000] KERNEL supported cpus:
Dec 30 10:15:54 deckard kernel: [    0.000000]   Intel GenuineIntel
Dec 30 10:15:54 deckard kernel: [    0.000000]   AMD AuthenticAMD
Dec 30 10:15:54 deckard kernel: [    0.000000]   Hygon HygonGenuine
Dec 30 10:15:54 deckard systemd[1]: Mounted Kernel Trace File System.
Dec 30 10:15:54 deckard systemd[1]: Finished Create list of static device nodes for the current kernel.
Dec 30 10:15:54 deckard kernel: [    0.000000]   Centaur CentaurHauls
Dec 30 10:15:54 deckard kernel: [    0.000000]   zhaoxin   Shanghai  
Dec 30 10:15:54 deckard kernel: [    0.000000] x86/fpu: Supporting XSAVE feature 0x001: 'x87 floating point registers'
Dec 30 10:15:54 deckard kernel: [    0.000000] x86/fpu: Supporting XSAVE feature 0x002: 'SSE registers'
Dec 30 10:15:54 deckard kernel: [    0.000000] x86/fpu: Supporting XSAVE feature 0x004: 'AVX registers'
Dec 30 10:15:54 deckard kernel: [    0.000000] x86/fpu: xstate_offset[2]:  576, xstate_sizes[2]:  256
Dec 30 10:15:54 deckard kernel: [    0.000000] x86/fpu: Enabled xstate features 0x7, context size is 832 bytes, using 'standard' format.
Dec 30 10:15:54 deckard kernel: [    0.000000] BIOS-provided physical RAM map:
Dec 30 10:15:54 deckard kernel: [    0.000000] BIOS-e820: [mem 0x0000000000000000-0x000000000009d3ff] usable
Dec 30 10:15:54 deckard kernel: [    0.000000] BIOS-e820: [mem 0x000000000009d400-0x000000000009ffff] reserved
Dec 30 10:15:54 deckard kernel: [    0.000000] BIOS-e820: [mem 0x00000000000e0000-0x00000000000fffff] reserved
Dec 30 10:15:54 deckard kernel: [    0.000000] BIOS-e820: [mem 0x0000000000100000-0x00000000c96e6fff] usable
Dec 30 10:15:54 deckard kernel: [    0.000000] BIOS-e820: [mem 0x00000000c96e7000-0x00000000c9b17fff] reserved
Dec 30 10:15:54 deckard kernel: [    0.000000] BIOS-e820: [mem 0x00000000c9b18000-0x00000000db2f3fff] usable
Dec 30 10:15:54 deckard kernel: [    0.000000] BIOS-e820: [mem 0x00000000db2f4000-0x00000000db3b4fff] reserved
Dec 30 10:15:54 deckard kernel: [    0.000000] BIOS-e820: [mem 0x00000000db3b5000-0x00000000db3d5fff] ACPI data
Dec 30 10:15:54 deckard kernel: [    0.000000] BIOS-e820: [mem 0x00000000db3d6000-0x00000000dbd09fff] ACPI NVS
Dec 30 10:15:54 deckard kernel: [    0.000000] BIOS-e820: [mem 0x00000000dbd0a000-0x00000000dbffefff] reserved
Dec 30 10:15:54 deckard kernel: [    0.000000] BIOS-e820: [mem 0x00000000dbfff000-0x00000000dbffffff] usable
Dec 30 10:15:54 deckard kernel: [    0.000000] BIOS-e820: [mem 0x00000000dd000000-0x00000000df7fffff] reserved
Dec 30 10:15:54 deckard kernel: [    0.000000] BIOS-e820: [mem 0x00000000f8000000-0x00000000fbffffff] reserved
Dec 30 10:15:54 deckard kernel: [    0.000000] BIOS-e820: [mem 0x00000000fec00000-0x00000000fec00fff] reserved
Dec 30 10:15:54 deckard kernel: [    0.000000] BIOS-e820: [mem 0x00000000fed00000-0x00000000fed03fff] reserved
Dec 30 10:15:54 deckard kernel: [    0.000000] BIOS-e820: [mem 0x00000000fed1c000-0x00000000fed1ffff] reserved
Dec 30 10:15:54 deckard kernel: [    0.000000] BIOS-e820: [mem 0x00000000fee00000-0x00000000fee00fff] reserved
Dec 30 10:15:54 deckard kernel: [    0.000000] BIOS-e820: [mem 0x00000000ff000000-0x00000000ffffffff] reserved
Dec 30 10:15:54 deckard kernel: [    0.000000] BIOS-e820: [mem 0x0000000100000000-0x000000021f7fffff] usable
Dec 30 10:15:54 deckard kernel: [    0.000000] NX (Execute Disable) protection: active
Dec 30 10:15:54 deckard kernel: [    0.000000] SMBIOS 2.8 present.
Dec 30 10:15:54 deckard kernel: [    0.000000] DMI: Dell Inc. Inspiron 5458/0R392V, BIOS A15 02/02/2018
Dec 30 10:15:54 deckard kernel: [    0.000000] tsc: Fast TSC calibration using PIT
Dec 30 10:15:54 deckard kernel: [    0.000000] tsc: Detected 2195.028 MHz processor
Dec 30 10:15:54 deckard kernel: [    0.003210] e820: update [mem 0x00000000-0x00000fff] usable ==> reserved
Dec 30 10:15:54 deckard kernel: [    0.003212] e820: remove [mem 0x000a0000-0x000fffff] usable
Dec 30 10:15:54 deckard kernel: [    0.003218] last_pfn = 0x21f800 max_arch_pfn = 0x400000000
Dec 30 10:15:54 deckard kernel: [    0.003221] MTRR default type: uncachable
Dec 30 10:15:54 deckard kernel: [    0.003222] MTRR fixed ranges enabled:
Dec 30 10:15:54 deckard kernel: [    0.003223]   00000-9FFFF write-back
Dec 30 10:15:54 deckard kernel: [    0.003224]   A0000-BFFFF uncachable
Dec 30 10:15:54 deckard kernel: [    0.003225]   C0000-FFFFF write-protect
Dec 30 10:15:54 deckard kernel: [    0.003225] MTRR variable ranges enabled:
Dec 30 10:15:54 deckard kernel: [    0.003227]   0 base 0000000000 mask 7E00000000 write-back
Dec 30 10:15:54 deckard kernel: [    0.003228]   1 base 0200000000 mask 7FE0000000 write-back
Dec 30 10:15:54 deckard kernel: [    0.003229]   2 base 00E0000000 mask 7FE0000000 uncachable
Dec 30 10:15:54 deckard kernel: [    0.003229]   3 base 00DE000000 mask 7FFE000000 uncachable
Dec 30 10:15:54 deckard kernel: [    0.003230]   4 base 00DD000000 mask 7FFF000000 uncachable
Dec 30 10:15:54 deckard kernel: [    0.003231]   5 base 021F800000 mask 7FFF800000 uncachable
Dec 30 10:15:54 deckard kernel: [    0.003231]   6 disabled
Dec 30 10:15:54 deckard kernel: [    0.003232]   7 disabled
Dec 30 10:15:54 deckard kernel: [    0.003232]   8 disabled
Dec 30 10:15:54 deckard kernel: [    0.003232]   9 disabled
Dec 30 10:15:54 deckard kernel: [    0.003548] x86/PAT: Configuration [0-7]: WB  WC  UC- UC  WB  WP  UC- WT  
Dec 30 10:15:54 deckard kernel: [    0.003680] total RAM covered: 8136M
Dec 30 10:15:54 deckard kernel: [    0.003959] Found optimal setting for mtrr clean up
Dec 30 10:15:54 deckard kernel: [    0.003960]  gran_size: 64K 	chunk_size: 64M 	num_reg: 8  	lose cover RAM: 0G
Dec 30 10:15:54 deckard kernel: [    0.004245] e820: update [mem 0xdd000000-0xffffffff] usable ==> reserved
Dec 30 10:15:54 deckard kernel: [    0.004250] last_pfn = 0xdc000 max_arch_pfn = 0x400000000
Dec 30 10:15:54 deckard kernel: [    0.012093] found SMP MP-table at [mem 0x000fda20-0x000fda2f]
Dec 30 10:15:54 deckard kernel: [    0.012141] check: Scanning 1 areas for low memory corruption
Dec 30 10:15:54 deckard kernel: [    0.012145] Using GB pages for direct mapping
Dec 30 10:15:54 deckard kernel: [    0.012777] RAMDISK: [mem 0x2e5eb000-0x332ecfff]
Dec 30 10:15:54 deckard kernel: [    0.012784] ACPI: Early table checksum verification disabled
Dec 30 10:15:54 deckard kernel: [    0.012787] ACPI: RSDP 0x00000000000EF1E0 000024 (v02 DELL  )
Dec 30 10:15:54 deckard kernel: [    0.012790] ACPI: XSDT 0x00000000DB3BB098 0000AC (v01 DELL   CBX3     01072009 AMI  00010013)
Dec 30 10:15:54 deckard kernel: [    0.012795] ACPI: FACP 0x00000000DB3CE400 00010C (v05 DELL   CBX3     01072009 AMI  00010013)
Dec 30 10:15:54 deckard kernel: [    0.012799] ACPI: DSDT 0x00000000DB3BB1D0 01322C (v02 DELL   CBX3     01072009 INTL 20120913)
Dec 30 10:15:54 deckard kernel: [    0.012803] ACPI: FACS 0x00000000DBD05F80 000040
Dec 30 10:15:54 deckard kernel: [    0.012805] ACPI: APIC 0x00000000DB3CE510 000084 (v03 DELL   CBX3     01072009 AMI  00010013)
Dec 30 10:15:54 deckard kernel: [    0.012807] ACPI: FPDT 0x00000000DB3CE598 000044 (v01 DELL   CBX3     01072009 AMI  00010013)
Dec 30 10:15:54 deckard kernel: [    0.012810] ACPI: FIDT 0x00000000DB3CE5E0 00009C (v01 DELL   CBX3     01072009 AMI  00010013)
Dec 30 10:15:54 deckard kernel: [    0.012812] ACPI: MCFG 0x00000000DB3CE680 00003C (v01 DELL   CBX3     01072009 MSFT 00000097)
Dec 30 10:15:54 deckard kernel: [    0.012815] ACPI: HPET 0x00000000DB3CE6C0 000038 (v01 DELL   CBX3     01072009 AMI. 00000005)
Dec 30 10:15:54 deckard kernel: [    0.012817] ACPI: SSDT 0x00000000DB3CE6F8 0003BD (v01 SataRe SataTabl 00001000 INTL 20120913)
Dec 30 10:15:54 deckard kernel: [    0.012820] ACPI: UEFI 0x00000000DB3CEAB8 000042 (v01                 00000000      00000000)
Dec 30 10:15:54 deckard kernel: [    0.012822] ACPI: ASF! 0x00000000DB3CEB00 0000A0 (v32 INTEL   HCG     00000001 TFSM 000F4240)
Dec 30 10:15:54 deckard kernel: [    0.012825] ACPI: BOOT 0x00000000DB3CEBA0 000028 (v01 DELL   CBX3     01072009 AMI  00010013)
Dec 30 10:15:54 deckard kernel: [    0.012827] ACPI: SSDT 0x00000000DB3CEBC8 00051F (v02 PmRef  Cpu0Ist  00003000 INTL 20120913)
Dec 30 10:15:54 deckard kernel: [    0.012830] ACPI: SSDT 0x00000000DB3CF0E8 000B74 (v02 CpuRef CpuSsdt  00003000 INTL 20120913)
Dec 30 10:15:54 deckard kernel: [    0.012833] ACPI: SSDT 0x00000000DB3CFC60 0001C7 (v02 PmRef  LakeTiny 00003000 INTL 20120913)
Dec 30 10:15:54 deckard kernel: [    0.012835] ACPI: SSDT 0x00000000DB3CFE28 0041AC (v02 SaSsdt SaSsdt   00003000 INTL 20120913)
Dec 30 10:15:54 deckard kernel: [    0.012838] ACPI: SLIC 0x00000000DB3D3FD8 000176 (v03 DELL   CBX3     01072009 MSFT 00010013)
Dec 30 10:15:54 deckard kernel: [    0.012840] ACPI: MSDM 0x00000000DB3D4150 000055 (v03 DELL   CBX3     06222004 AMI  00010013)
Dec 30 10:15:54 deckard kernel: [    0.012843] ACPI: DMAR 0x00000000DB3D41A8 0000B0 (v01 INTEL  BDW      00000001 INTL 00000001)
Dec 30 10:15:54 deckard kernel: [    0.012851] ACPI: Local APIC address 0xfee00000
Dec 30 10:15:54 deckard kernel: [    0.012931] No NUMA configuration found
Dec 30 10:15:54 deckard kernel: [    0.012931] Faking a node at [mem 0x0000000000000000-0x000000021f7fffff]
Dec 30 10:15:54 deckard kernel: [    0.012941] NODE_DATA(0) allocated [mem 0x21f7d5000-0x21f7fffff]
Dec 30 10:15:54 deckard kernel: [    0.013164] Zone ranges:
Dec 30 10:15:54 deckard kernel: [    0.013165]   DMA      [mem 0x0000000000001000-0x0000000000ffffff]
Dec 30 10:15:54 deckard kernel: [    0.013167]   DMA32    [mem 0x0000000001000000-0x00000000ffffffff]
Dec 30 10:15:54 deckard kernel: [    0.013168]   Normal   [mem 0x0000000100000000-0x000000021f7fffff]
Dec 30 10:15:54 deckard kernel: [    0.013169]   Device   empty
Dec 30 10:15:54 deckard kernel: [    0.013170] Movable zone start for each node
Dec 30 10:15:54 deckard kernel: [    0.013173] Early memory node ranges
Dec 30 10:15:54 deckard kernel: [    0.013174]   node   0: [mem 0x0000000000001000-0x000000000009cfff]
Dec 30 10:15:54 deckard kernel: [    0.013175]   node   0: [mem 0x0000000000100000-0x00000000c96e6fff]
Dec 30 10:15:54 deckard kernel: [    0.013175]   node   0: [mem 0x00000000c9b18000-0x00000000db2f3fff]
Dec 30 10:15:54 deckard kernel: [    0.013176]   node   0: [mem 0x00000000dbfff000-0x00000000dbffffff]
Dec 30 10:15:54 deckard kernel: [    0.013177]   node   0: [mem 0x0000000100000000-0x000000021f7fffff]
Dec 30 10:15:54 deckard kernel: [    0.013434] Zeroed struct page in unavailable ranges: 22944 pages
Dec 30 10:15:54 deckard kernel: [    0.013435] Initmem setup node 0 [mem 0x0000000000001000-0x000000021f7fffff]
Dec 30 10:15:54 deckard kernel: [    0.013436] On node 0 totalpages: 2074208
Dec 30 10:15:54 deckard kernel: [    0.013437]   DMA zone: 64 pages used for memmap
Dec 30 10:15:54 deckard kernel: [    0.013438]   DMA zone: 21 pages reserved
Dec 30 10:15:54 deckard kernel: [    0.013439]   DMA zone: 3996 pages, LIFO batch:0
Dec 30 10:15:54 deckard kernel: [    0.013492]   DMA32 zone: 13948 pages used for memmap
Dec 30 10:15:54 deckard kernel: [    0.013493]   DMA32 zone: 892612 pages, LIFO batch:63
Dec 30 10:15:54 deckard kernel: [    0.025569]   Normal zone: 18400 pages used for memmap
Dec 30 10:15:54 deckard kernel: [    0.025571]   Normal zone: 1177600 pages, LIFO batch:63
Dec 30 10:15:54 deckard kernel: [    0.040269] Reserving Intel graphics memory at [mem 0xdd800000-0xdf7fffff]
Dec 30 10:15:54 deckard kernel: [    0.040338] ACPI: PM-Timer IO Port: 0x1808
Dec 30 10:15:54 deckard kernel: [    0.040339] ACPI: Local APIC address 0xfee00000
Dec 30 10:15:54 deckard kernel: [    0.040346] ACPI: LAPIC_NMI (acpi_id[0x01] dfl dfl lint[0x0])
Dec 30 10:15:54 deckard kernel: [    0.040346] ACPI: NMI not connected to LINT 1!
Dec 30 10:15:54 deckard kernel: [    0.040347] ACPI: LAPIC_NMI (acpi_id[0x02] dfl dfl lint[0x0])
Dec 30 10:15:54 deckard kernel: [    0.040347] ACPI: NMI not connected to LINT 1!
Dec 30 10:15:54 deckard kernel: [    0.040348] ACPI: LAPIC_NMI (acpi_id[0x03] dfl dfl lint[0x0])
Dec 30 10:15:54 deckard kernel: [    0.040348] ACPI: NMI not connected to LINT 1!
Dec 30 10:15:54 deckard kernel: [    0.040349] ACPI: LAPIC_NMI (acpi_id[0x04] res level lint[0x3d])
Dec 30 10:15:54 deckard kernel: [    0.040349] ACPI: NMI not connected to LINT 1!
Dec 30 10:15:54 deckard kernel: [    0.040360] IOAPIC[0]: apic_id 2, version 32, address 0xfec00000, GSI 0-39
Dec 30 10:15:54 deckard kernel: [    0.040362] ACPI: INT_SRC_OVR (bus 0 bus_irq 0 global_irq 2 dfl dfl)
Dec 30 10:15:54 deckard kernel: [    0.040363] ACPI: INT_SRC_OVR (bus 0 bus_irq 9 global_irq 9 high level)
Dec 30 10:15:54 deckard kernel: [    0.040364] ACPI: IRQ0 used by override.
Dec 30 10:15:54 deckard kernel: [    0.040365] ACPI: IRQ9 used by override.
Dec 30 10:15:54 deckard kernel: [    0.040367] Using ACPI (MADT) for SMP configuration information
Dec 30 10:15:54 deckard kernel: [    0.040368] ACPI: HPET id: 0x8086a701 base: 0xfed00000
Dec 30 10:15:54 deckard kernel: [    0.040372] TSC deadline timer available
Dec 30 10:15:54 deckard kernel: [    0.040373] smpboot: Allowing 4 CPUs, 0 hotplug CPUs
Dec 30 10:15:54 deckard kernel: [    0.040388] PM: Registered nosave memory: [mem 0x00000000-0x00000fff]
Dec 30 10:15:54 deckard kernel: [    0.040390] PM: Registered nosave memory: [mem 0x0009d000-0x0009dfff]
Dec 30 10:15:54 deckard kernel: [    0.040390] PM: Registered nosave memory: [mem 0x0009e000-0x0009ffff]
Dec 30 10:15:54 deckard kernel: [    0.040391] PM: Registered nosave memory: [mem 0x000a0000-0x000dffff]
Dec 30 10:15:54 deckard kernel: [    0.040391] PM: Registered nosave memory: [mem 0x000e0000-0x000fffff]
Dec 30 10:15:54 deckard kernel: [    0.040393] PM: Registered nosave memory: [mem 0xc96e7000-0xc9b17fff]
Dec 30 10:15:54 deckard kernel: [    0.040394] PM: Registered nosave memory: [mem 0xdb2f4000-0xdb3b4fff]
Dec 30 10:15:54 deckard kernel: [    0.040394] PM: Registered nosave memory: [mem 0xdb3b5000-0xdb3d5fff]
Dec 30 10:15:54 deckard kernel: [    0.040395] PM: Registered nosave memory: [mem 0xdb3d6000-0xdbd09fff]
Dec 30 10:15:54 deckard kernel: [    0.040395] PM: Registered nosave memory: [mem 0xdbd0a000-0xdbffefff]
Dec 30 10:15:54 deckard kernel: [    0.040397] PM: Registered nosave memory: [mem 0xdc000000-0xdcffffff]
Dec 30 10:15:54 deckard kernel: [    0.040397] PM: Registered nosave memory: [mem 0xdd000000-0xdf7fffff]
Dec 30 10:15:54 deckard kernel: [    0.040398] PM: Registered nosave memory: [mem 0xdf800000-0xf7ffffff]
Dec 30 10:15:54 deckard kernel: [    0.040398] PM: Registered nosave memory: [mem 0xf8000000-0xfbffffff]
Dec 30 10:15:54 deckard kernel: [    0.040399] PM: Registered nosave memory: [mem 0xfc000000-0xfebfffff]
Dec 30 10:15:54 deckard kernel: [    0.040399] PM: Registered nosave memory: [mem 0xfec00000-0xfec00fff]
Dec 30 10:15:54 deckard kernel: [    0.040400] PM: Registered nosave memory: [mem 0xfec01000-0xfecfffff]
Dec 30 10:15:54 deckard kernel: [    0.040400] PM: Registered nosave memory: [mem 0xfed00000-0xfed03fff]
Dec 30 10:15:54 deckard kernel: [    0.040401] PM: Registered nosave memory: [mem 0xfed04000-0xfed1bfff]
Dec 30 10:15:54 deckard kernel: [    0.040401] PM: Registered nosave memory: [mem 0xfed1c000-0xfed1ffff]
Dec 30 10:15:54 deckard kernel: [    0.040402] PM: Registered nosave memory: [mem 0xfed20000-0xfedfffff]
Dec 30 10:15:54 deckard kernel: [    0.040402] PM: Registered nosave memory: [mem 0xfee00000-0xfee00fff]
Dec 30 10:15:54 deckard kernel: [    0.040403] PM: Registered nosave memory: [mem 0xfee01000-0xfeffffff]
Dec 30 10:15:54 deckard kernel: [    0.040403] PM: Registered nosave memory: [mem 0xff000000-0xffffffff]
Dec 30 10:15:54 deckard kernel: [    0.040405] [mem 0xdf800000-0xf7ffffff] available for PCI devices
Dec 30 10:15:54 deckard kernel: [    0.040406] Booting paravirtualized kernel on bare hardware
Dec 30 10:15:54 deckard kernel: [    0.040409] clocksource: refined-jiffies: mask: 0xffffffff max_cycles: 0xffffffff, max_idle_ns: 7645519600211568 ns
Dec 30 10:15:54 deckard kernel: [    0.040414] setup_percpu: NR_CPUS:8192 nr_cpumask_bits:4 nr_cpu_ids:4 nr_node_ids:1
Dec 30 10:15:54 deckard kernel: [    0.040709] percpu: Embedded 54 pages/cpu s184320 r8192 d28672 u524288
Dec 30 10:15:54 deckard kernel: [    0.040714] pcpu-alloc: s184320 r8192 d28672 u524288 alloc=1*2097152
Dec 30 10:15:54 deckard kernel: [    0.040715] pcpu-alloc: [0] 0 1 2 3 
Dec 30 10:15:54 deckard kernel: [    0.040740] Built 1 zonelists, mobility grouping on.  Total pages: 2041775
Dec 30 10:15:54 deckard kernel: [    0.040741] Policy zone: Normal
Dec 30 10:15:54 deckard kernel: [    0.040742] Kernel command line: BOOT_IMAGE=/boot/vmlinuz-5.4.0-58-generic root=UUID=9c0f157a-2f72-4138-8b64-d98e1429164a ro quiet splash vt.handoff=7
Dec 30 10:15:54 deckard kernel: [    0.041517] Dentry cache hash table entries: 1048576 (order: 11, 8388608 bytes, linear)
Dec 30 10:15:54 deckard kernel: [    0.041865] Inode-cache hash table entries: 524288 (order: 10, 4194304 bytes, linear)
Dec 30 10:15:54 deckard kernel: [    0.041908] mem auto-init: stack:off, heap alloc:on, heap free:off
Dec 30 10:15:54 deckard kernel: [    0.047540] Calgary: detecting Calgary via BIOS EBDA area
Dec 30 10:15:54 deckard kernel: [    0.047542] Calgary: Unable to locate Rio Grande table in EBDA - bailing!
Dec 30 10:15:54 deckard kernel: [    0.076355] Memory: 7974700K/8296832K available (14339K kernel code, 2426K rwdata, 4932K rodata, 2720K init, 4956K bss, 322132K reserved, 0K cma-reserved)
Dec 30 10:15:54 deckard kernel: [    0.076364] random: get_random_u64 called from kmem_cache_open+0x2d/0x410 with crng_init=0
Dec 30 10:15:54 deckard kernel: [    0.076495] SLUB: HWalign=64, Order=0-3, MinObjects=0, CPUs=4, Nodes=1
Dec 30 10:15:54 deckard kernel: [    0.076509] Kernel/User page tables isolation: enabled
Dec 30 10:15:54 deckard kernel: [    0.076523] ftrace: allocating 44541 entries in 174 pages
Dec 30 10:15:54 deckard kernel: [    0.093340] rcu: Hierarchical RCU implementation.
Dec 30 10:15:54 deckard kernel: [    0.093341] rcu: 	RCU restricting CPUs from NR_CPUS=8192 to nr_cpu_ids=4.
Dec 30 10:15:54 deckard kernel: [    0.093342] 	Tasks RCU enabled.
Dec 30 10:15:54 deckard kernel: [    0.093343] rcu: RCU calculated value of scheduler-enlistment delay is 25 jiffies.
Dec 30 10:15:54 deckard kernel: [    0.093343] rcu: Adjusting geometry for rcu_fanout_leaf=16, nr_cpu_ids=4
Dec 30 10:15:54 deckard kernel: [    0.096336] NR_IRQS: 524544, nr_irqs: 728, preallocated irqs: 16
Dec 30 10:15:54 deckard kernel: [    0.096623] random: crng done (trusting CPU's manufacturer)
Dec 30 10:15:54 deckard kernel: [    0.096641] vt handoff: transparent VT on vt#7
Dec 30 10:15:54 deckard kernel: [    0.096647] Console: colour dummy device 80x25
Dec 30 10:15:54 deckard kernel: [    0.096650] printk: console [tty0] enabled
Dec 30 10:15:54 deckard kernel: [    0.096668] ACPI: Core revision 20190816
Dec 30 10:15:54 deckard kernel: [    0.096800] clocksource: hpet: mask: 0xffffffff max_cycles: 0xffffffff, max_idle_ns: 133484882848 ns
Dec 30 10:15:54 deckard kernel: [    0.096809] APIC: Switch to symmetric I/O mode setup
Dec 30 10:15:54 deckard kernel: [    0.096811] DMAR: Host address width 39
Dec 30 10:15:54 deckard kernel: [    0.096813] DMAR: DRHD base: 0x000000fed90000 flags: 0x0
Dec 30 10:15:54 deckard kernel: [    0.096817] DMAR: dmar0: reg_base_addr fed90000 ver 1:0 cap 1c0000c40660462 ecap 7e1ff0505e
Dec 30 10:15:54 deckard kernel: [    0.096818] DMAR: DRHD base: 0x000000fed91000 flags: 0x1
Dec 30 10:15:54 deckard kernel: [    0.096821] DMAR: dmar1: reg_base_addr fed91000 ver 1:0 cap d2008c20660462 ecap f010da
Dec 30 10:15:54 deckard kernel: [    0.096822] DMAR: RMRR base: 0x000000dbef4000 end: 0x000000dbf02fff
Dec 30 10:15:54 deckard kernel: [    0.096823] DMAR: RMRR base: 0x000000dd000000 end: 0x000000df7fffff
Dec 30 10:15:54 deckard kernel: [    0.096824] DMAR-IR: IOAPIC id 2 under DRHD base  0xfed91000 IOMMU 1
Dec 30 10:15:54 deckard kernel: [    0.096825] DMAR-IR: HPET id 0 under DRHD base 0xfed91000
Dec 30 10:15:54 deckard kernel: [    0.096826] DMAR-IR: x2apic is disabled because BIOS sets x2apic opt out bit.
Dec 30 10:15:54 deckard kernel: [    0.096826] DMAR-IR: Use 'intremap=no_x2apic_optout' to override the BIOS setting.
Dec 30 10:15:54 deckard kernel: [    0.097468] DMAR-IR: Enabled IRQ remapping in xapic mode
Dec 30 10:15:54 deckard kernel: [    0.097469] x2apic: IRQ remapping doesn't support X2APIC mode
Dec 30 10:15:54 deckard kernel: [    0.098072] ..TIMER: vector=0x30 apic1=0 pin1=2 apic2=-1 pin2=-1
Dec 30 10:15:54 deckard kernel: [    0.116826] clocksource: tsc-early: mask: 0xffffffffffffffff max_cycles: 0x1fa3da1eca0, max_idle_ns: 440795308373 ns
Dec 30 10:15:54 deckard kernel: [    0.116830] Calibrating delay loop (skipped), value calculated using timer frequency.. 4390.05 BogoMIPS (lpj=8780112)
Dec 30 10:15:54 deckard kernel: [    0.116832] pid_max: default: 32768 minimum: 301
Dec 30 10:15:54 deckard kernel: [    0.116865] LSM: Security Framework initializing
Dec 30 10:15:54 deckard kernel: [    0.116874] Yama: becoming mindful.
Dec 30 10:15:54 deckard kernel: [    0.116904] AppArmor: AppArmor initialized
Dec 30 10:15:54 deckard kernel: [    0.116953] Mount-cache hash table entries: 16384 (order: 5, 131072 bytes, linear)
Dec 30 10:15:54 deckard kernel: [    0.116972] Mountpoint-cache hash table entries: 16384 (order: 5, 131072 bytes, linear)
Dec 30 10:15:54 deckard kernel: [    0.116986] *** VALIDATE tmpfs ***
Dec 30 10:15:54 deckard kernel: [    0.117128] *** VALIDATE proc ***
Dec 30 10:15:54 deckard kernel: [    0.117179] *** VALIDATE cgroup1 ***
Dec 30 10:15:54 deckard kernel: [    0.117180] *** VALIDATE cgroup2 ***
Dec 30 10:15:54 deckard kernel: [    0.117239] mce: CPU0: Thermal monitoring enabled (TM1)
Dec 30 10:15:54 deckard kernel: [    0.117250] process: using mwait in idle threads
Dec 30 10:15:54 deckard kernel: [    0.117252] Last level iTLB entries: 4KB 64, 2MB 8, 4MB 8
Dec 30 10:15:54 deckard kernel: [    0.117253] Last level dTLB entries: 4KB 64, 2MB 0, 4MB 0, 1GB 4
Dec 30 10:15:54 deckard kernel: [    0.117255] Spectre V1 : Mitigation: usercopy/swapgs barriers and __user pointer sanitization
Dec 30 10:15:54 deckard kernel: [    0.117256] Spectre V2 : Mitigation: Full generic retpoline
Dec 30 10:15:54 deckard kernel: [    0.117257] Spectre V2 : Spectre v2 / SpectreRSB mitigation: Filling RSB on context switch
Dec 30 10:15:54 deckard kernel: [    0.117257] Spectre V2 : Enabling Restricted Speculation for firmware calls
Dec 30 10:15:54 deckard kernel: [    0.117258] Spectre V2 : mitigation: Enabling conditional Indirect Branch Prediction Barrier
Dec 30 10:15:54 deckard kernel: [    0.117259] Spectre V2 : User space: Mitigation: STIBP via seccomp and prctl
Dec 30 10:15:54 deckard kernel: [    0.117260] Speculative Store Bypass: Mitigation: Speculative Store Bypass disabled via prctl and seccomp
Dec 30 10:15:54 deckard kernel: [    0.117263] SRBDS: Mitigation: Microcode
Dec 30 10:15:54 deckard kernel: [    0.117264] MDS: Mitigation: Clear CPU buffers
Dec 30 10:15:54 deckard kernel: [    0.117507] Freeing SMP alternatives memory: 40K
Dec 30 10:15:54 deckard kernel: [    0.120909] smpboot: CPU0: Intel(R) Core(TM) i5-5200U CPU @ 2.20GHz (family: 0x6, model: 0x3d, stepping: 0x4)
Dec 30 10:15:54 deckard kernel: [    0.121033] Performance Events: PEBS fmt2+, Broadwell events, 16-deep LBR, full-width counters, Intel PMU driver.
Dec 30 10:15:54 deckard kernel: [    0.121049] ... version:                3
Dec 30 10:15:54 deckard kernel: [    0.121049] ... bit width:              48
Dec 30 10:15:54 deckard kernel: [    0.121050] ... generic registers:      4
Dec 30 10:15:54 deckard kernel: [    0.121050] ... value mask:             0000ffffffffffff
Dec 30 10:15:54 deckard kernel: [    0.121051] ... max period:             00007fffffffffff
Dec 30 10:15:54 deckard kernel: [    0.121051] ... fixed-purpose events:   3
Dec 30 10:15:54 deckard kernel: [    0.121052] ... event mask:             000000070000000f
Dec 30 10:15:54 deckard kernel: [    0.121088] rcu: Hierarchical SRCU implementation.
Dec 30 10:15:54 deckard kernel: [    0.121965] NMI watchdog: Enabled. Permanently consumes one hw-PMU counter.
Dec 30 10:15:54 deckard kernel: [    0.122023] smp: Bringing up secondary CPUs ...
